Archive member included to satisfy reference by file (symbol)

C:/ST/STM32CubeCLT_1.15.1/GNU-tools-for-STM32/bin/../lib/gcc/arm-none-eabi/12.3.1/../../../../arm-none-eabi/lib/thumb/v7-m/nofp\libc_nano.a(libc_a-exit.o)
                              C:/ST/STM32CubeCLT_1.15.1/GNU-tools-for-STM32/bin/../lib/gcc/arm-none-eabi/12.3.1/../../../../arm-none-eabi/lib/thumb/v7-m/nofp/crt0.o (exit)
C:/ST/STM32CubeCLT_1.15.1/GNU-tools-for-STM32/bin/../lib/gcc/arm-none-eabi/12.3.1/../../../../arm-none-eabi/lib/thumb/v7-m/nofp\libc_nano.a(libc_a-nano-vfprintf_float.o)
                              (_printf_float)
C:/ST/STM32CubeCLT_1.15.1/GNU-tools-for-STM32/bin/../lib/gcc/arm-none-eabi/12.3.1/../../../../arm-none-eabi/lib/thumb/v7-m/nofp\libc_nano.a(libc_a-nano-vfprintf_i.o)
                              C:/ST/STM32CubeCLT_1.15.1/GNU-tools-for-STM32/bin/../lib/gcc/arm-none-eabi/12.3.1/../../../../arm-none-eabi/lib/thumb/v7-m/nofp\libc_nano.a(libc_a-nano-vfprintf_float.o) (_printf_common)
C:/ST/STM32CubeCLT_1.15.1/GNU-tools-for-STM32/bin/../lib/gcc/arm-none-eabi/12.3.1/../../../../arm-none-eabi/lib/thumb/v7-m/nofp\libc_nano.a(libc_a-findfp.o)
                              C:/ST/STM32CubeCLT_1.15.1/GNU-tools-for-STM32/bin/../lib/gcc/arm-none-eabi/12.3.1/../../../../arm-none-eabi/lib/thumb/v7-m/nofp\libc_nano.a(libc_a-exit.o) (__stdio_exit_handler)
C:/ST/STM32CubeCLT_1.15.1/GNU-tools-for-STM32/bin/../lib/gcc/arm-none-eabi/12.3.1/../../../../arm-none-eabi/lib/thumb/v7-m/nofp\libc_nano.a(libc_a-fwalk.o)
                              C:/ST/STM32CubeCLT_1.15.1/GNU-tools-for-STM32/bin/../lib/gcc/arm-none-eabi/12.3.1/../../../../arm-none-eabi/lib/thumb/v7-m/nofp\libc_nano.a(libc_a-findfp.o) (_fwalk_sglue)
C:/ST/STM32CubeCLT_1.15.1/GNU-tools-for-STM32/bin/../lib/gcc/arm-none-eabi/12.3.1/../../../../arm-none-eabi/lib/thumb/v7-m/nofp\libc_nano.a(libc_a-stdio.o)
                              C:/ST/STM32CubeCLT_1.15.1/GNU-tools-for-STM32/bin/../lib/gcc/arm-none-eabi/12.3.1/../../../../arm-none-eabi/lib/thumb/v7-m/nofp\libc_nano.a(libc_a-findfp.o) (__sread)
C:/ST/STM32CubeCLT_1.15.1/GNU-tools-for-STM32/bin/../lib/gcc/arm-none-eabi/12.3.1/../../../../arm-none-eabi/lib/thumb/v7-m/nofp\libc_nano.a(libc_a-memset.o)
                              C:/ST/STM32CubeCLT_1.15.1/GNU-tools-for-STM32/bin/../lib/gcc/arm-none-eabi/12.3.1/../../../../arm-none-eabi/lib/thumb/v7-m/nofp/crt0.o (memset)
C:/ST/STM32CubeCLT_1.15.1/GNU-tools-for-STM32/bin/../lib/gcc/arm-none-eabi/12.3.1/../../../../arm-none-eabi/lib/thumb/v7-m/nofp\libc_nano.a(libc_a-localeconv.o)
                              C:/ST/STM32CubeCLT_1.15.1/GNU-tools-for-STM32/bin/../lib/gcc/arm-none-eabi/12.3.1/../../../../arm-none-eabi/lib/thumb/v7-m/nofp\libc_nano.a(libc_a-nano-vfprintf_float.o) (_localeconv_r)
C:/ST/STM32CubeCLT_1.15.1/GNU-tools-for-STM32/bin/../lib/gcc/arm-none-eabi/12.3.1/../../../../arm-none-eabi/lib/thumb/v7-m/nofp\libc_nano.a(libc_a-closer.o)
                              C:/ST/STM32CubeCLT_1.15.1/GNU-tools-for-STM32/bin/../lib/gcc/arm-none-eabi/12.3.1/../../../../arm-none-eabi/lib/thumb/v7-m/nofp\libc_nano.a(libc_a-stdio.o) (_close_r)
C:/ST/STM32CubeCLT_1.15.1/GNU-tools-for-STM32/bin/../lib/gcc/arm-none-eabi/12.3.1/../../../../arm-none-eabi/lib/thumb/v7-m/nofp\libc_nano.a(libc_a-reent.o)
                              C:/ST/STM32CubeCLT_1.15.1/GNU-tools-for-STM32/bin/../lib/gcc/arm-none-eabi/12.3.1/../../../../arm-none-eabi/lib/thumb/v7-m/nofp\libc_nano.a(libc_a-closer.o) (errno)
C:/ST/STM32CubeCLT_1.15.1/GNU-tools-for-STM32/bin/../lib/gcc/arm-none-eabi/12.3.1/../../../../arm-none-eabi/lib/thumb/v7-m/nofp\libc_nano.a(libc_a-impure.o)
                              C:/ST/STM32CubeCLT_1.15.1/GNU-tools-for-STM32/bin/../lib/gcc/arm-none-eabi/12.3.1/../../../../arm-none-eabi/lib/thumb/v7-m/nofp\libc_nano.a(libc_a-reent.o) (_impure_ptr)
C:/ST/STM32CubeCLT_1.15.1/GNU-tools-for-STM32/bin/../lib/gcc/arm-none-eabi/12.3.1/../../../../arm-none-eabi/lib/thumb/v7-m/nofp\libc_nano.a(libc_a-lseekr.o)
                              C:/ST/STM32CubeCLT_1.15.1/GNU-tools-for-STM32/bin/../lib/gcc/arm-none-eabi/12.3.1/../../../../arm-none-eabi/lib/thumb/v7-m/nofp\libc_nano.a(libc_a-stdio.o) (_lseek_r)
C:/ST/STM32CubeCLT_1.15.1/GNU-tools-for-STM32/bin/../lib/gcc/arm-none-eabi/12.3.1/../../../../arm-none-eabi/lib/thumb/v7-m/nofp\libc_nano.a(libc_a-readr.o)
                              C:/ST/STM32CubeCLT_1.15.1/GNU-tools-for-STM32/bin/../lib/gcc/arm-none-eabi/12.3.1/../../../../arm-none-eabi/lib/thumb/v7-m/nofp\libc_nano.a(libc_a-stdio.o) (_read_r)
C:/ST/STM32CubeCLT_1.15.1/GNU-tools-for-STM32/bin/../lib/gcc/arm-none-eabi/12.3.1/../../../../arm-none-eabi/lib/thumb/v7-m/nofp\libc_nano.a(libc_a-writer.o)
                              C:/ST/STM32CubeCLT_1.15.1/GNU-tools-for-STM32/bin/../lib/gcc/arm-none-eabi/12.3.1/../../../../arm-none-eabi/lib/thumb/v7-m/nofp\libc_nano.a(libc_a-stdio.o) (_write_r)
[...]
Memory Configuration

Name             Origin             Length             Attributes
RAM              0x20000000         0x00005000         xrw
FLASH            0x08000000         0x00010000         xr
*default*        0x00000000         0xffffffff

Linker script and memory map

LOAD C:/ST/STM32CubeCLT_1.15.1/GNU-tools-for-STM32/bin/../lib/gcc/arm-none-eabi/12.3.1/thumb/v7-m/nofp/crti.o
LOAD C:/ST/STM32CubeCLT_1.15.1/GNU-tools-for-STM32/bin/../lib/gcc/arm-none-eabi/12.3.1/thumb/v7-m/nofp/crtbegin.o
LOAD C:/ST/STM32CubeCLT_1.15.1/GNU-tools-for-STM32/bin/../lib/gcc/arm-none-eabi/12.3.1/../../../../arm-none-eabi/lib/thumb/v7-m/nofp/crt0.o
START GROUP
LOAD C:/ST/STM32CubeCLT_1.15.1/GNU-tools-for-STM32/bin/../lib/gcc/arm-none-eabi/12.3.1/../../../../arm-none-eabi/lib/thumb/v7-m/nofp\libc_nano.a
LOAD C:/ST/STM32CubeCLT_1.15.1/GNU-tools-for-STM32/bin/../lib/gcc/arm-none-eabi/12.3.1/../../../../arm-none-eabi/lib/thumb/v7-m/nofp\libm.a
END GROUP
LOAD CMakeFiles/FlightController.dir/Core/Src/Tools.c.obj
LOAD CMakeFiles/FlightController.dir/Core/Src/MotorControl.c.obj
LOAD CMakeFiles/FlightController.dir/Core/Src/MPU6050.c.obj
LOAD CMakeFiles/FlightController.dir/Core/Src/NRF24L01P.c.obj
LOAD CMakeFiles/FlightController.dir/Core/Src/PID.c.obj
LOAD CMakeFiles/FlightController.dir/Core/Src/KalmanFilter.c.obj
LOAD CMakeFiles/FlightController.dir/Core/Src/main.c.obj
LOAD CMakeFiles/FlightController.dir/Core/Src/stm32f1xx_it.c.obj
LOAD CMakeFiles/FlightController.dir/Core/Src/stm32f1xx_hal_msp.c.obj
LOAD CMakeFiles/FlightController.dir/Drivers/STM32F1xx_HAL_Driver/Src/stm32f1xx_hal_gpio_ex.c.obj
LOAD CMakeFiles/FlightController.dir/Drivers/STM32F1xx_HAL_Driver/Src/stm32f1xx_hal_i2c.c.obj
LOAD CMakeFiles/FlightController.dir/Drivers/STM32F1xx_HAL_Driver/Src/stm32f1xx_hal.c.obj
LOAD CMakeFiles/FlightController.dir/Drivers/STM32F1xx_HAL_Driver/Src/stm32f1xx_hal_rcc.c.obj
LOAD CMakeFiles/FlightController.dir/Drivers/STM32F1xx_HAL_Driver/Src/stm32f1xx_hal_rcc_ex.c.obj
LOAD CMakeFiles/FlightController.dir/Drivers/STM32F1xx_HAL_Driver/Src/stm32f1xx_hal_gpio.c.obj
LOAD CMakeFiles/FlightController.dir/Drivers/STM32F1xx_HAL_Driver/Src/stm32f1xx_hal_dma.c.obj
LOAD CMakeFiles/FlightController.dir/Drivers/STM32F1xx_HAL_Driver/Src/stm32f1xx_hal_cortex.c.obj
LOAD CMakeFiles/FlightController.dir/Drivers/STM32F1xx_HAL_Driver/Src/stm32f1xx_hal_pwr.c.obj
LOAD CMakeFiles/FlightController.dir/Drivers/STM32F1xx_HAL_Driver/Src/stm32f1xx_hal_flash.c.obj
LOAD CMakeFiles/FlightController.dir/Drivers/STM32F1xx_HAL_Driver/Src/stm32f1xx_hal_flash_ex.c.obj
LOAD CMakeFiles/FlightController.dir/Drivers/STM32F1xx_HAL_Driver/Src/stm32f1xx_hal_exti.c.obj
LOAD CMakeFiles/FlightController.dir/Drivers/STM32F1xx_HAL_Driver/Src/stm32f1xx_hal_spi.c.obj
LOAD CMakeFiles/FlightController.dir/Drivers/STM32F1xx_HAL_Driver/Src/stm32f1xx_hal_tim.c.obj
LOAD CMakeFiles/FlightController.dir/Drivers/STM32F1xx_HAL_Driver/Src/stm32f1xx_hal_tim_ex.c.obj
LOAD CMakeFiles/FlightController.dir/Drivers/STM32F1xx_HAL_Driver/Src/stm32f1xx_hal_uart.c.obj
LOAD CMakeFiles/FlightController.dir/Core/Src/system_stm32f1xx.c.obj
LOAD CMakeFiles/FlightController.dir/Core/Src/sysmem.c.obj
LOAD CMakeFiles/FlightController.dir/Core/Src/syscalls.c.obj
LOAD CMakeFiles/FlightController.dir/startup_stm32f103xb.s.obj
START GROUP
LOAD C:/ST/STM32CubeCLT_1.15.1/GNU-tools-for-STM32/bin/../lib/gcc/arm-none-eabi/12.3.1/thumb/v7-m/nofp\libgcc.a
LOAD C:/ST/STM32CubeCLT_1.15.1/GNU-tools-for-STM32/bin/../lib/gcc/arm-none-eabi/12.3.1/../../../../arm-none-eabi/lib/thumb/v7-m/nofp\libg_nano.a
LOAD C:/ST/STM32CubeCLT_1.15.1/GNU-tools-for-STM32/bin/../lib/gcc/arm-none-eabi/12.3.1/../../../../arm-none-eabi/lib/thumb/v7-m/nofp\libc_nano.a
END GROUP
START GROUP
LOAD C:/ST/STM32CubeCLT_1.15.1/GNU-tools-for-STM32/bin/../lib/gcc/arm-none-eabi/12.3.1/thumb/v7-m/nofp\libgcc.a
LOAD C:/ST/STM32CubeCLT_1.15.1/GNU-tools-for-STM32/bin/../lib/gcc/arm-none-eabi/12.3.1/../../../../arm-none-eabi/lib/thumb/v7-m/nofp\libc_nano.a
END GROUP
LOAD C:/ST/STM32CubeCLT_1.15.1/GNU-tools-for-STM32/bin/../lib/gcc/arm-none-eabi/12.3.1/thumb/v7-m/nofp/crtend.o
LOAD C:/ST/STM32CubeCLT_1.15.1/GNU-tools-for-STM32/bin/../lib/gcc/arm-none-eabi/12.3.1/thumb/v7-m/nofp/crtn.o
                0x20005000                        _estack = (ORIGIN (RAM) + LENGTH (RAM))
                0x00000200                        _Min_Heap_Size = 0x200
                0x00000400                        _Min_Stack_Size = 0x400

.isr_vector     0x08000000      0x10c
                0x08000000                        . = ALIGN (0x4)
 *(.isr_vector)
 .isr_vector    0x08000000      0x10c CMakeFiles/FlightController.dir/startup_stm32f103xb.s.obj
                0x08000000                g_pfnVectors
                0x0800010c                        . = ALIGN (0x4)

.text           0x08000110     0xc3d0
                0x08000110                        . = ALIGN (0x4)
 *(.text)
 .text          0x08000110       0x40 C:/ST/STM32CubeCLT_1.15.1/GNU-tools-for-STM32/bin/../lib/gcc/arm-none-eabi/12.3.1/thumb/v7-m/nofp/crtbegin.o
 .text          0x08000150       0x10 C:/ST/STM32CubeCLT_1.15.1/GNU-tools-for-STM32/bin/../lib/gcc/arm-none-eabi/12.3.1/../../../../arm-none-eabi/lib/thumb/v7-m/nofp\libc_nano.a(libc_a-strlen.o)
                0x08000150                strlen
 .text          0x08000160      0x378 C:/ST/STM32CubeCLT_1.15.1/GNU-tools-for-STM32/bin/../lib/gcc/arm-none-eabi/12.3.1/thumb/v7-m/nofp\libgcc.a(_arm_addsubdf3.o)
                0x08000160                __aeabi_drsub
                0x08000168                __aeabi_dsub
                0x08000168                __subdf3
                0x0800016c                __aeabi_dadd
                0x0800016c                __adddf3
                0x080003e4                __floatunsidf
                0x080003e4                __aeabi_ui2d
                0x08000404                __floatsidf
                0x08000404                __aeabi_i2d
                0x08000428                __aeabi_f2d
                0x08000428                __extendsfdf2
                0x0800046c                __floatundidf
                0x0800046c                __aeabi_ul2d
                0x0800047c                __floatdidf
                0x0800047c                __aeabi_l2d
 .text          0x080004d8      0x424 C:/ST/STM32CubeCLT_1.15.1/GNU-tools-for-STM32/bin/../lib/gcc/arm-none-eabi/12.3.1/thumb/v7-m/nofp\libgcc.a(_arm_muldivdf3.o)
                0x080004d8                __aeabi_dmul
                0x080004d8                __muldf3
                0x0800072c                __divdf3
                0x0800072c                __aeabi_ddiv
 .text          0x080008fc      0x110 C:/ST/STM32CubeCLT_1.15.1/GNU-tools-for-STM32/bin/../lib/gcc/arm-none-eabi/12.3.1/thumb/v7-m/nofp\libgcc.a(_arm_cmpdf2.o)
                0x080008fc                __gtdf2
                0x080008fc                __gedf2
                0x08000904                __ltdf2
                0x08000904                __ledf2
                0x0800090c                __nedf2
                0x0800090c                __eqdf2
                0x0800090c                __cmpdf2
                0x08000988                __aeabi_cdrcmple
                0x08000998                __aeabi_cdcmpeq
                0x08000998                __aeabi_cdcmple
                0x080009a8                __aeabi_dcmpeq
                0x080009bc                __aeabi_dcmplt
                0x080009d0                __aeabi_dcmple
                0x080009e4                __aeabi_dcmpge
                0x080009f8                __aeabi_dcmpgt
 .text          0x08000a0c       0x2c C:/ST/STM32CubeCLT_1.15.1/GNU-tools-for-STM32/bin/../lib/gcc/arm-none-eabi/12.3.1/thumb/v7-m/nofp\libgcc.a(_arm_unorddf2.o)
                0x08000a0c                __unorddf2
                0x08000a0c                __aeabi_dcmpun
 .text          0x08000a38       0x50 C:/ST/STM32CubeCLT_1.15.1/GNU-tools-for-STM32/bin/../lib/gcc/arm-none-eabi/12.3.1/thumb/v7-m/nofp\libgcc.a(_arm_fixdfsi.o)
                0x08000a38                __aeabi_d2iz
                0x08000a38                __fixdfsi
 .text          0x08000a88       0x40 C:/ST/STM32CubeCLT_1.15.1/GNU-tools-for-STM32/bin/../lib/gcc/arm-none-eabi/12.3.1/thumb/v7-m/nofp\libgcc.a(_arm_fixunsdfsi.o)
                0x08000a88                __aeabi_d2uiz
                0x08000a88                __fixunsdfsi
 .text          0x08000ac8       0xa0 C:/ST/STM32CubeCLT_1.15.1/GNU-tools-for-STM32/bin/../lib/gcc/arm-none-eabi/12.3.1/thumb/v7-m/nofp\libgcc.a(_arm_truncdfsf2.o)
                0x08000ac8                __truncdfsf2
                0x08000ac8                __aeabi_d2f
 .text          0x08000b68      0x21c C:/ST/STM32CubeCLT_1.15.1/GNU-tools-for-STM32/bin/../lib/gcc/arm-none-eabi/12.3.1/thumb/v7-m/nofp\libgcc.a(_arm_addsubsf3.o)
                0x08000b68                __aeabi_frsub
                0x08000b70                __subsf3
                0x08000b70                __aeabi_fsub
                0x08000b74                __aeabi_fadd
                0x08000b74                __addsf3
                0x08000cd4                __aeabi_ui2f
                0x08000cd4                __floatunsisf
                0x08000cdc                __aeabi_i2f
                0x08000cdc                __floatsisf
                0x08000cf8                __aeabi_ul2f
                0x08000cf8                __floatundisf
                0x08000d08                __aeabi_l2f
                0x08000d08                __floatdisf
 .text          0x08000d84      0x2a0 C:/ST/STM32CubeCLT_1.15.1/GNU-tools-for-STM32/bin/../lib/gcc/arm-none-eabi/12.3.1/thumb/v7-m/nofp\libgcc.a(_arm_muldivsf3.o)
                0x08000d84                __mulsf3
                0x08000d84                __aeabi_fmul
                0x08000eec                __aeabi_fdiv
                0x08000eec                __divsf3
 *(.text*)
 .text.__cvt    0x08001024       0xc8 C:/ST/STM32CubeCLT_1.15.1/GNU-tools-for-STM32/bin/../lib/gcc/arm-none-eabi/12.3.1/../../../../arm-none-eabi/lib/thumb/v7-m/nofp\libc_nano.a(libc_a-nano-vfprintf_float.o)
                0x08001024                __cvt
 .text.__exponent
                0x080010ec       0x74 C:/ST/STM32CubeCLT_1.15.1/GNU-tools-for-STM32/bin/../lib/gcc/arm-none-eabi/12.3.1/../../../../arm-none-eabi/lib/thumb/v7-m/nofp\libc_nano.a(libc_a-nano-vfprintf_float.o)
                0x080010ec                __exponent
 .text._printf_float
                0x08001160      0x458 C:/ST/STM32CubeCLT_1.15.1/GNU-tools-for-STM32/bin/../lib/gcc/arm-none-eabi/12.3.1/../../../../arm-none-eabi/lib/thumb/v7-m/nofp\libc_nano.a(libc_a-nano-vfprintf_float.o)
                0x08001160                _printf_float
 .text._printf_common
                0x080015b8       0xe4 C:/ST/STM32CubeCLT_1.15.1/GNU-tools-for-STM32/bin/../lib/gcc/arm-none-eabi/12.3.1/../../../../arm-none-eabi/lib/thumb/v7-m/nofp\libc_nano.a(libc_a-nano-vfprintf_i.o)
                0x080015b8                _printf_common
 .text._printf_i
                0x0800169c      0x240 C:/ST/STM32CubeCLT_1.15.1/GNU-tools-for-STM32/bin/../lib/gcc/arm-none-eabi/12.3.1/../../../../arm-none-eabi/lib/thumb/v7-m/nofp\libc_nano.a(libc_a-nano-vfprintf_i.o)
                0x0800169c                _printf_i
 .text.std      0x080018dc       0x6c C:/ST/STM32CubeCLT_1.15.1/GNU-tools-for-STM32/bin/../lib/gcc/arm-none-eabi/12.3.1/../../../../arm-none-eabi/lib/thumb/v7-m/nofp\libc_nano.a(libc_a-findfp.o)
 .text.stdio_exit_handler
                0x08001948       0x18 C:/ST/STM32CubeCLT_1.15.1/GNU-tools-for-STM32/bin/../lib/gcc/arm-none-eabi/12.3.1/../../../../arm-none-eabi/lib/thumb/v7-m/nofp\libc_nano.a(libc_a-findfp.o)
 .text.cleanup_stdio
                0x08001960       0x40 C:/ST/STM32CubeCLT_1.15.1/GNU-tools-for-STM32/bin/../lib/gcc/arm-none-eabi/12.3.1/../../../../arm-none-eabi/lib/thumb/v7-m/nofp\libc_nano.a(libc_a-findfp.o)
 .text.global_stdio_init.part.0
                0x080019a0       0x3c C:/ST/STM32CubeCLT_1.15.1/GNU-tools-for-STM32/bin/../lib/gcc/arm-none-eabi/12.3.1/../../../../arm-none-eabi/lib/thumb/v7-m/nofp\libc_nano.a(libc_a-findfp.o)
 .text.__sfp_lock_acquire
                0x080019dc        0xc C:/ST/STM32CubeCLT_1.15.1/GNU-tools-for-STM32/bin/../lib/gcc/arm-none-eabi/12.3.1/../../../../arm-none-eabi/lib/thumb/v7-m/nofp\libc_nano.a(libc_a-findfp.o)
                0x080019dc                __sfp_lock_acquire
 .text.__sfp_lock_release
                0x080019e8        0xc C:/ST/STM32CubeCLT_1.15.1/GNU-tools-for-STM32/bin/../lib/gcc/arm-none-eabi/12.3.1/../../../../arm-none-eabi/lib/thumb/v7-m/nofp\libc_nano.a(libc_a-findfp.o)
                0x080019e8                __sfp_lock_release
 .text.__sinit  0x080019f4       0x30 C:/ST/STM32CubeCLT_1.15.1/GNU-tools-for-STM32/bin/../lib/gcc/arm-none-eabi/12.3.1/../../../../arm-none-eabi/lib/thumb/v7-m/nofp\libc_nano.a(libc_a-findfp.o)
                0x080019f4                __sinit
 .text._fwalk_sglue
                0x08001a24       0x3c C:/ST/STM32CubeCLT_1.15.1/GNU-tools-for-STM32/bin/../lib/gcc/arm-none-eabi/12.3.1/../../../../arm-none-eabi/lib/thumb/v7-m/nofp\libc_nano.a(libc_a-fwalk.o)
                0x08001a24                _fwalk_sglue
 .text.__sread  0x08001a60       0x22 C:/ST/STM32CubeCLT_1.15.1/GNU-tools-for-STM32/bin/../lib/gcc/arm-none-eabi/12.3.1/../../../../arm-none-eabi/lib/thumb/v7-m/nofp\libc_nano.a(libc_a-stdio.o)
                0x08001a60                __sread
 .text.__swrite
                0x08001a82       0x38 C:/ST/STM32CubeCLT_1.15.1/GNU-tools-for-STM32/bin/../lib/gcc/arm-none-eabi/12.3.1/../../../../arm-none-eabi/lib/thumb/v7-m/nofp\libc_nano.a(libc_a-stdio.o)
                0x08001a82                __swrite
 .text.__sseek  0x08001aba       0x24 C:/ST/STM32CubeCLT_1.15.1/GNU-tools-for-STM32/bin/../lib/gcc/arm-none-eabi/12.3.1/../../../../arm-none-eabi/lib/thumb/v7-m/nofp\libc_nano.a(libc_a-stdio.o)
                0x08001aba                __sseek
 .text.__sclose
                0x08001ade        0x8 C:/ST/STM32CubeCLT_1.15.1/GNU-tools-for-STM32/bin/../lib/gcc/arm-none-eabi/12.3.1/../../../../arm-none-eabi/lib/thumb/v7-m/nofp\libc_nano.a(libc_a-stdio.o)
                0x08001ade                __sclose
 .text.memset   0x08001ae6       0x10 C:/ST/STM32CubeCLT_1.15.1/GNU-tools-for-STM32/bin/../lib/gcc/arm-none-eabi/12.3.1/../../../../arm-none-eabi/lib/thumb/v7-m/nofp\libc_nano.a(libc_a-memset.o)
                0x08001ae6                memset
 *fill*         0x08001af6        0x2 
 .text._localeconv_r
                0x08001af8        0x8 C:/ST/STM32CubeCLT_1.15.1/GNU-tools-for-STM32/bin/../lib/gcc/arm-none-eabi/12.3.1/../../../../arm-none-eabi/lib/thumb/v7-m/nofp\libc_nano.a(libc_a-localeconv.o)
                0x08001af8                _localeconv_r
 .text._close_r
                0x08001b00       0x20 C:/ST/STM32CubeCLT_1.15.1/GNU-tools-for-STM32/bin/../lib/gcc/arm-none-eabi/12.3.1/../../../../arm-none-eabi/lib/thumb/v7-m/nofp\libc_nano.a(libc_a-closer.o)
                0x08001b00                _close_r
 .text._lseek_r
                0x08001b20       0x24 C:/ST/STM32CubeCLT_1.15.1/GNU-tools-for-STM32/bin/../lib/gcc/arm-none-eabi/12.3.1/../../../../arm-none-eabi/lib/thumb/v7-m/nofp\libc_nano.a(libc_a-lseekr.o)
                0x08001b20                _lseek_r
 .text._read_r  0x08001b44       0x24 C:/ST/STM32CubeCLT_1.15.1/GNU-tools-for-STM32/bin/../lib/gcc/arm-none-eabi/12.3.1/../../../../arm-none-eabi/lib/thumb/v7-m/nofp\libc_nano.a(libc_a-readr.o)
                0x08001b44                _read_r
 .text._write_r
                0x08001b68       0x24 C:/ST/STM32CubeCLT_1.15.1/GNU-tools-for-STM32/bin/../lib/gcc/arm-none-eabi/12.3.1/../../../../arm-none-eabi/lib/thumb/v7-m/nofp\libc_nano.a(libc_a-writer.o)
                0x08001b68                _write_r
 .text.__libc_init_array
                0x08001b8c       0x48 C:/ST/STM32CubeCLT_1.15.1/GNU-tools-for-STM32/bin/../lib/gcc/arm-none-eabi/12.3.1/../../../../arm-none-eabi/lib/thumb/v7-m/nofp\libc_nano.a(libc_a-init.o)
                0x08001b8c                __libc_init_array
 .text.__retarget_lock_init_recursive
                0x08001bd4        0x2 C:/ST/STM32CubeCLT_1.15.1/GNU-tools-for-STM32/bin/../lib/gcc/arm-none-eabi/12.3.1/../../../../arm-none-eabi/lib/thumb/v7-m/nofp\libc_nano.a(libc_a-lock.o)
                0x08001bd4                __retarget_lock_init_recursive
 .text.__retarget_lock_acquire_recursive
                0x08001bd6        0x2 C:/ST/STM32CubeCLT_1.15.1/GNU-tools-for-STM32/bin/../lib/gcc/arm-none-eabi/12.3.1/../../../../arm-none-eabi/lib/thumb/v7-m/nofp\libc_nano.a(libc_a-lock.o)
                0x08001bd6                __retarget_lock_acquire_recursive
 .text.__retarget_lock_release_recursive
                0x08001bd8        0x2 C:/ST/STM32CubeCLT_1.15.1/GNU-tools-for-STM32/bin/../lib/gcc/arm-none-eabi/12.3.1/../../../../arm-none-eabi/lib/thumb/v7-m/nofp\libc_nano.a(libc_a-lock.o)
                0x08001bd8                __retarget_lock_release_recursive
 .text.memchr   0x08001bda       0x1c C:/ST/STM32CubeCLT_1.15.1/GNU-tools-for-STM32/bin/../lib/gcc/arm-none-eabi/12.3.1/../../../../arm-none-eabi/lib/thumb/v7-m/nofp\libc_nano.a(libc_a-memchr-stub.o)
                0x08001bda                memchr
 .text.quorem   0x08001bf6      0x110 C:/ST/STM32CubeCLT_1.15.1/GNU-tools-for-STM32/bin/../lib/gcc/arm-none-eabi/12.3.1/../../../../arm-none-eabi/lib/thumb/v7-m/nofp\libc_nano.a(libc_a-dtoa.o)
 *fill*         0x08001d06        0x2 
 .text._dtoa_r  0x08001d08      0xb90 C:/ST/STM32CubeCLT_1.15.1/GNU-tools-for-STM32/bin/../lib/gcc/arm-none-eabi/12.3.1/../../../../arm-none-eabi/lib/thumb/v7-m/nofp\libc_nano.a(libc_a-dtoa.o)
                0x08001d08                _dtoa_r
 .text._free_r  0x08002898       0x90 C:/ST/STM32CubeCLT_1.15.1/GNU-tools-for-STM32/bin/../lib/gcc/arm-none-eabi/12.3.1/../../../../arm-none-eabi/lib/thumb/v7-m/nofp\libc_nano.a(libc_a-freer.o)
                0x08002898                _free_r
 .text.malloc   0x08002928       0x10 C:/ST/STM32CubeCLT_1.15.1/GNU-tools-for-STM32/bin/../lib/gcc/arm-none-eabi/12.3.1/../../../../arm-none-eabi/lib/thumb/v7-m/nofp\libc_nano.a(libc_a-malloc.o)
                0x08002928                malloc
 .text.sbrk_aligned
                0x08002938       0x44 C:/ST/STM32CubeCLT_1.15.1/GNU-tools-for-STM32/bin/../lib/gcc/arm-none-eabi/12.3.1/../../../../arm-none-eabi/lib/thumb/v7-m/nofp\libc_nano.a(libc_a-mallocr.o)
 .text._malloc_r
                0x0800297c      0x100 C:/ST/STM32CubeCLT_1.15.1/GNU-tools-for-STM32/bin/../lib/gcc/arm-none-eabi/12.3.1/../../../../arm-none-eabi/lib/thumb/v7-m/nofp\libc_nano.a(libc_a-mallocr.o)
                0x0800297c                _malloc_r
 .text.__malloc_lock
                0x08002a7c        0xc C:/ST/STM32CubeCLT_1.15.1/GNU-tools-for-STM32/bin/../lib/gcc/arm-none-eabi/12.3.1/../../../../arm-none-eabi/lib/thumb/v7-m/nofp\libc_nano.a(libc_a-mlock.o)
                0x08002a7c                __malloc_lock
 .text.__malloc_unlock
                0x08002a88        0xc C:/ST/STM32CubeCLT_1.15.1/GNU-tools-for-STM32/bin/../lib/gcc/arm-none-eabi/12.3.1/../../../../arm-none-eabi/lib/thumb/v7-m/nofp\libc_nano.a(libc_a-mlock.o)
                0x08002a88                __malloc_unlock
 .text._Balloc  0x08002a94       0x80 C:/ST/STM32CubeCLT_1.15.1/GNU-tools-for-STM32/bin/../lib/gcc/arm-none-eabi/12.3.1/../../../../arm-none-eabi/lib/thumb/v7-m/nofp\libc_nano.a(libc_a-mprec.o)
                0x08002a94                _Balloc
 .text._Bfree   0x08002b14       0x44 C:/ST/STM32CubeCLT_1.15.1/GNU-tools-for-STM32/bin/../lib/gcc/arm-none-eabi/12.3.1/../../../../arm-none-eabi/lib/thumb/v7-m/nofp\libc_nano.a(libc_a-mprec.o)
                0x08002b14                _Bfree
 .text.__multadd
                0x08002b58       0x8c C:/ST/STM32CubeCLT_1.15.1/GNU-tools-for-STM32/bin/../lib/gcc/arm-none-eabi/12.3.1/../../../../arm-none-eabi/lib/thumb/v7-m/nofp\libc_nano.a(libc_a-mprec.o)
                0x08002b58                __multadd
 .text.__hi0bits
                0x08002be4       0x3e C:/ST/STM32CubeCLT_1.15.1/GNU-tools-for-STM32/bin/../lib/gcc/arm-none-eabi/12.3.1/../../../../arm-none-eabi/lib/thumb/v7-m/nofp\libc_nano.a(libc_a-mprec.o)
                0x08002be4                __hi0bits
 .text.__lo0bits
                0x08002c22       0x5a C:/ST/STM32CubeCLT_1.15.1/GNU-tools-for-STM32/bin/../lib/gcc/arm-none-eabi/12.3.1/../../../../arm-none-eabi/lib/thumb/v7-m/nofp\libc_nano.a(libc_a-mprec.o)
                0x08002c22                __lo0bits
 .text.__i2b    0x08002c7c       0x2c C:/ST/STM32CubeCLT_1.15.1/GNU-tools-for-STM32/bin/../lib/gcc/arm-none-eabi/12.3.1/../../../../arm-none-eabi/lib/thumb/v7-m/nofp\libc_nano.a(libc_a-mprec.o)
                0x08002c7c                __i2b
 .text.__multiply
                0x08002ca8      0x150 C:/ST/STM32CubeCLT_1.15.1/GNU-tools-for-STM32/bin/../lib/gcc/arm-none-eabi/12.3.1/../../../../arm-none-eabi/lib/thumb/v7-m/nofp\libc_nano.a(libc_a-mprec.o)
                0x08002ca8                __multiply
 .text.__pow5mult
                0x08002df8       0xb4 C:/ST/STM32CubeCLT_1.15.1/GNU-tools-for-STM32/bin/../lib/gcc/arm-none-eabi/12.3.1/../../../../arm-none-eabi/lib/thumb/v7-m/nofp\libc_nano.a(libc_a-mprec.o)
                0x08002df8                __pow5mult
 .text.__lshift
                0x08002eac       0xd8 C:/ST/STM32CubeCLT_1.15.1/GNU-tools-for-STM32/bin/../lib/gcc/arm-none-eabi/12.3.1/../../../../arm-none-eabi/lib/thumb/v7-m/nofp\libc_nano.a(libc_a-mprec.o)
                0x08002eac                __lshift
 .text.__mcmp   0x08002f84       0x36 C:/ST/STM32CubeCLT_1.15.1/GNU-tools-for-STM32/bin/../lib/gcc/arm-none-eabi/12.3.1/../../../../arm-none-eabi/lib/thumb/v7-m/nofp\libc_nano.a(libc_a-mprec.o)
                0x08002f84                __mcmp
 *fill*         0x08002fba        0x2 
 .text.__mdiff  0x08002fbc      0x128 C:/ST/STM32CubeCLT_1.15.1/GNU-tools-for-STM32/bin/../lib/gcc/arm-none-eabi/12.3.1/../../../../arm-none-eabi/lib/thumb/v7-m/nofp\libc_nano.a(libc_a-mprec.o)
                0x08002fbc                __mdiff
 .text.__d2b    0x080030e4       0xb0 C:/ST/STM32CubeCLT_1.15.1/GNU-tools-for-STM32/bin/../lib/gcc/arm-none-eabi/12.3.1/../../../../arm-none-eabi/lib/thumb/v7-m/nofp\libc_nano.a(libc_a-mprec.o)
                0x080030e4                __d2b
 .text.__sflush_r
                0x08003194      0x100 C:/ST/STM32CubeCLT_1.15.1/GNU-tools-for-STM32/bin/../lib/gcc/arm-none-eabi/12.3.1/../../../../arm-none-eabi/lib/thumb/v7-m/nofp\libc_nano.a(libc_a-fflush.o)
                0x08003194                __sflush_r
 .text._fflush_r
                0x08003294       0x50 C:/ST/STM32CubeCLT_1.15.1/GNU-tools-for-STM32/bin/../lib/gcc/arm-none-eabi/12.3.1/../../../../arm-none-eabi/lib/thumb/v7-m/nofp\libc_nano.a(libc_a-fflush.o)
                0x08003294                _fflush_r
 .text._sbrk_r  0x080032e4       0x20 C:/ST/STM32CubeCLT_1.15.1/GNU-tools-for-STM32/bin/../lib/gcc/arm-none-eabi/12.3.1/../../../../arm-none-eabi/lib/thumb/v7-m/nofp\libc_nano.a(libc_a-sbrkr.o)
                0x080032e4                _sbrk_r
 .text.memcpy   0x08003304       0x1c C:/ST/STM32CubeCLT_1.15.1/GNU-tools-for-STM32/bin/../lib/gcc/arm-none-eabi/12.3.1/../../../../arm-none-eabi/lib/thumb/v7-m/nofp\libc_nano.a(libc_a-memcpy-stub.o)
                0x08003304                memcpy
 .text.__assert_func
                0x08003320       0x3c C:/ST/STM32CubeCLT_1.15.1/GNU-tools-for-STM32/bin/../lib/gcc/arm-none-eabi/12.3.1/../../../../arm-none-eabi/lib/thumb/v7-m/nofp\libc_nano.a(libc_a-assert.o)
                0x08003320                __assert_func
 .text._calloc_r
                0x0800335c       0x28 C:/ST/STM32CubeCLT_1.15.1/GNU-tools-for-STM32/bin/../lib/gcc/arm-none-eabi/12.3.1/../../../../arm-none-eabi/lib/thumb/v7-m/nofp\libc_nano.a(libc_a-callocr.o)
                0x0800335c                _calloc_r
 .text.__ascii_mbtowc
                0x08003384       0x24 C:/ST/STM32CubeCLT_1.15.1/GNU-tools-for-STM32/bin/../lib/gcc/arm-none-eabi/12.3.1/../../../../arm-none-eabi/lib/thumb/v7-m/nofp\libc_nano.a(libc_a-mbtowc_r.o)
                0x08003384                __ascii_mbtowc
 .text.__ascii_wctomb
                0x080033a8       0x1a C:/ST/STM32CubeCLT_1.15.1/GNU-tools-for-STM32/bin/../lib/gcc/arm-none-eabi/12.3.1/../../../../arm-none-eabi/lib/thumb/v7-m/nofp\libc_nano.a(libc_a-wctomb_r.o)
                0x080033a8                __ascii_wctomb
 *fill*         0x080033c2        0x2 
 .text.fprintf  0x080033c4       0x24 C:/ST/STM32CubeCLT_1.15.1/GNU-tools-for-STM32/bin/../lib/gcc/arm-none-eabi/12.3.1/../../../../arm-none-eabi/lib/thumb/v7-m/nofp\libc_nano.a(libc_a-fprintf.o)
                0x080033c4                fiprintf
                0x080033c4                fprintf
 .text.abort    0x080033e8        0xe C:/ST/STM32CubeCLT_1.15.1/GNU-tools-for-STM32/bin/../lib/gcc/arm-none-eabi/12.3.1/../../../../arm-none-eabi/lib/thumb/v7-m/nofp\libc_nano.a(libc_a-abort.o)
                0x080033e8                abort
 .text.__sfputc_r
                0x080033f6       0x2a C:/ST/STM32CubeCLT_1.15.1/GNU-tools-for-STM32/bin/../lib/gcc/arm-none-eabi/12.3.1/../../../../arm-none-eabi/lib/thumb/v7-m/nofp\libc_nano.a(libc_a-nano-vfprintf.o)
 .text.__sfputs_r
                0x08003420       0x24 C:/ST/STM32CubeCLT_1.15.1/GNU-tools-for-STM32/bin/../lib/gcc/arm-none-eabi/12.3.1/../../../../arm-none-eabi/lib/thumb/v7-m/nofp\libc_nano.a(libc_a-nano-vfprintf.o)
                0x08003420                __sfputs_r
 .text._vfprintf_r
                0x08003444      0x230 C:/ST/STM32CubeCLT_1.15.1/GNU-tools-for-STM32/bin/../lib/gcc/arm-none-eabi/12.3.1/../../../../arm-none-eabi/lib/thumb/v7-m/nofp\libc_nano.a(libc_a-nano-vfprintf.o)
                0x08003444                _vfprintf_r
                0x08003444                _vfiprintf_r
 .text.__swbuf_r
                0x08003674       0x7c C:/ST/STM32CubeCLT_1.15.1/GNU-tools-for-STM32/bin/../lib/gcc/arm-none-eabi/12.3.1/../../../../arm-none-eabi/lib/thumb/v7-m/nofp\libc_nano.a(libc_a-wbuf.o)
                0x08003674                __swbuf_r
 .text.__swsetup_r
                0x080036f0       0xac C:/ST/STM32CubeCLT_1.15.1/GNU-tools-for-STM32/bin/../lib/gcc/arm-none-eabi/12.3.1/../../../../arm-none-eabi/lib/thumb/v7-m/nofp\libc_nano.a(libc_a-wsetup.o)
                0x080036f0                __swsetup_r
 .text.memmove  0x0800379c       0x34 C:/ST/STM32CubeCLT_1.15.1/GNU-tools-for-STM32/bin/../lib/gcc/arm-none-eabi/12.3.1/../../../../arm-none-eabi/lib/thumb/v7-m/nofp\libc_nano.a(libc_a-memmove.o)
                0x0800379c                memmove
 .text._raise_r
                0x080037d0       0x50 C:/ST/STM32CubeCLT_1.15.1/GNU-tools-for-STM32/bin/../lib/gcc/arm-none-eabi/12.3.1/../../../../arm-none-eabi/lib/thumb/v7-m/nofp\libc_nano.a(libc_a-signal.o)
                0x080037d0                _raise_r
 .text.raise    0x08003820       0x10 C:/ST/STM32CubeCLT_1.15.1/GNU-tools-for-STM32/bin/../lib/gcc/arm-none-eabi/12.3.1/../../../../arm-none-eabi/lib/thumb/v7-m/nofp\libc_nano.a(libc_a-signal.o)
                0x08003820                raise
 .text._kill_r  0x08003830       0x24 C:/ST/STM32CubeCLT_1.15.1/GNU-tools-for-STM32/bin/../lib/gcc/arm-none-eabi/12.3.1/../../../../arm-none-eabi/lib/thumb/v7-m/nofp\libc_nano.a(libc_a-signalr.o)
                0x08003830                _kill_r
 .text._getpid_r
                0x08003854        0x4 C:/ST/STM32CubeCLT_1.15.1/GNU-tools-for-STM32/bin/../lib/gcc/arm-none-eabi/12.3.1/../../../../arm-none-eabi/lib/thumb/v7-m/nofp\libc_nano.a(libc_a-signalr.o)
                0x08003854                _getpid_r
 .text._realloc_r
                0x08003858       0x5c C:/ST/STM32CubeCLT_1.15.1/GNU-tools-for-STM32/bin/../lib/gcc/arm-none-eabi/12.3.1/../../../../arm-none-eabi/lib/thumb/v7-m/nofp\libc_nano.a(libc_a-reallocr.o)
                0x08003858                _realloc_r
 .text.__swhatbuf_r
                0x080038b4       0x4a C:/ST/STM32CubeCLT_1.15.1/GNU-tools-for-STM32/bin/../lib/gcc/arm-none-eabi/12.3.1/../../../../arm-none-eabi/lib/thumb/v7-m/nofp\libc_nano.a(libc_a-makebuf.o)
                0x080038b4                __swhatbuf_r
 .text.__smakebuf_r
                0x080038fe       0x78 C:/ST/STM32CubeCLT_1.15.1/GNU-tools-for-STM32/bin/../lib/gcc/arm-none-eabi/12.3.1/../../../../arm-none-eabi/lib/thumb/v7-m/nofp\libc_nano.a(libc_a-makebuf.o)
                0x080038fe                __smakebuf_r
 *fill*         0x08003976        0x2 
 .text._fstat_r
                0x08003978       0x24 C:/ST/STM32CubeCLT_1.15.1/GNU-tools-for-STM32/bin/../lib/gcc/arm-none-eabi/12.3.1/../../../../arm-none-eabi/lib/thumb/v7-m/nofp\libc_nano.a(libc_a-fstatr.o)
                0x08003978                _fstat_r
 .text._isatty_r
                0x0800399c       0x20 C:/ST/STM32CubeCLT_1.15.1/GNU-tools-for-STM32/bin/../lib/gcc/arm-none-eabi/12.3.1/../../../../arm-none-eabi/lib/thumb/v7-m/nofp\libc_nano.a(libc_a-isattyr.o)
                0x0800399c                _isatty_r
 .text._malloc_usable_size_r
                0x080039bc       0x10 C:/ST/STM32CubeCLT_1.15.1/GNU-tools-for-STM32/bin/../lib/gcc/arm-none-eabi/12.3.1/../../../../arm-none-eabi/lib/thumb/v7-m/nofp\libc_nano.a(libc_a-msizer.o)
                0x080039bc                _malloc_usable_size_r
 .text.LogStringToPC
                0x080039cc       0x3c CMakeFiles/FlightController.dir/Core/Src/Tools.c.obj
                0x080039cc                LogStringToPC
 .text.LogFLStringToPC
                0x08003a08       0x38 CMakeFiles/FlightController.dir/Core/Src/Tools.c.obj
                0x08003a08                LogFLStringToPC
 .text.LogError
                0x08003a40       0x3c CMakeFiles/FlightController.dir/Core/Src/Tools.c.obj
                0x08003a40                LogError
 .text.LogInformation
                0x08003a7c       0x3c CMakeFiles/FlightController.dir/Core/Src/Tools.c.obj
                0x08003a7c                LogInformation
 .text.Motors_Init
                0x08003ab8      0x128 CMakeFiles/FlightController.dir/Core/Src/MotorControl.c.obj
                0x08003ab8                Motors_Init
 .text.Motors_SetSpeed
                0x08003be0       0x68 CMakeFiles/FlightController.dir/Core/Src/MotorControl.c.obj
                0x08003be0                Motors_SetSpeed
 .text.Motors_UpdateDutyCicle
                0x08003c48       0x74 CMakeFiles/FlightController.dir/Core/Src/MotorControl.c.obj
                0x08003c48                Motors_UpdateDutyCicle
 .text.I2C_ReadRegisters
                0x08003cbc      0x150 CMakeFiles/FlightController.dir/Core/Src/MPU6050.c.obj
                0x08003cbc                I2C_ReadRegisters
 .text.MPU6050_Init
                0x08003e0c      0x1bc CMakeFiles/FlightController.dir/Core/Src/MPU6050.c.obj
                0x08003e0c                MPU6050_Init
 .text.MPU6050_ReadAll
                0x08003fc8      0x588 CMakeFiles/FlightController.dir/Core/Src/MPU6050.c.obj
                0x08003fc8                MPU6050_ReadAll
 .text.Kalman_GetAngle
                0x08004550      0x2a6 CMakeFiles/FlightController.dir/Core/Src/MPU6050.c.obj
                0x08004550                Kalman_GetAngle
 *fill*         0x080047f6        0x2 
 .text.MPU6050_Calibrate
                0x080047f8      0x190 CMakeFiles/FlightController.dir/Core/Src/MPU6050.c.obj
                0x080047f8                MPU6050_Calibrate
 .text.MPU6050_DisableClock
                0x08004988       0x1c CMakeFiles/FlightController.dir/Core/Src/MPU6050.c.obj
                0x08004988                MPU6050_DisableClock
 .text.MPU6050_EnableClock
                0x080049a4       0x1c CMakeFiles/FlightController.dir/Core/Src/MPU6050.c.obj
                0x080049a4                MPU6050_EnableClock
 .text.cs_high  0x080049c0       0x18 CMakeFiles/FlightController.dir/Core/Src/NRF24L01P.c.obj
 .text.cs_low   0x080049d8       0x18 CMakeFiles/FlightController.dir/Core/Src/NRF24L01P.c.obj
 .text.ce_high  0x080049f0       0x18 CMakeFiles/FlightController.dir/Core/Src/NRF24L01P.c.obj
 .text.ce_low   0x08004a08       0x18 CMakeFiles/FlightController.dir/Core/Src/NRF24L01P.c.obj
 .text.read_register
                0x08004a20       0x4c CMakeFiles/FlightController.dir/Core/Src/NRF24L01P.c.obj
                0x08004a20                read_register
 .text.write_register
                0x08004a6c       0x5c CMakeFiles/FlightController.dir/Core/Src/NRF24L01P.c.obj
 .text.write_rx_adress_register
                0x08004ac8       0x48 CMakeFiles/FlightController.dir/Core/Src/NRF24L01P.c.obj
 .text.NRF24L01P_Rx_Init
                0x08004b10       0x78 CMakeFiles/FlightController.dir/Core/Src/NRF24L01P.c.obj
                0x08004b10                NRF24L01P_Rx_Init
 .text.nrf24l01p_rx_receive
                0x08004b88       0x1a CMakeFiles/FlightController.dir/Core/Src/NRF24L01P.c.obj
                0x08004b88                nrf24l01p_rx_receive
 .text.nrf24l01p_reset
                0x08004ba2       0xcc CMakeFiles/FlightController.dir/Core/Src/NRF24L01P.c.obj
                0x08004ba2                nrf24l01p_reset
 .text.nrf24l01p_prx_mode
                0x08004c6e       0x2a CMakeFiles/FlightController.dir/Core/Src/NRF24L01P.c.obj
                0x08004c6e                nrf24l01p_prx_mode
 .text.nrf24l01p_read_rx_fifo
                0x08004c98       0x48 CMakeFiles/FlightController.dir/Core/Src/NRF24L01P.c.obj
                0x08004c98                nrf24l01p_read_rx_fifo
 .text.nrf24l01p_flush_rx_fifo
                0x08004ce0       0x30 CMakeFiles/FlightController.dir/Core/Src/NRF24L01P.c.obj
                0x08004ce0                nrf24l01p_flush_rx_fifo
 .text.nrf24l01p_flush_tx_fifo
                0x08004d10       0x30 CMakeFiles/FlightController.dir/Core/Src/NRF24L01P.c.obj
                0x08004d10                nrf24l01p_flush_tx_fifo
 .text.nrf24l01p_get_status
                0x08004d40       0x34 CMakeFiles/FlightController.dir/Core/Src/NRF24L01P.c.obj
                0x08004d40                nrf24l01p_get_status
 .text.nrf24l01p_rx_set_payload_widths
                0x08004d74       0x1c CMakeFiles/FlightController.dir/Core/Src/NRF24L01P.c.obj
                0x08004d74                nrf24l01p_rx_set_payload_widths
 .text.nrf24l01p_clear_rx_dr
                0x08004d90       0x28 CMakeFiles/FlightController.dir/Core/Src/NRF24L01P.c.obj
                0x08004d90                nrf24l01p_clear_rx_dr
 .text.nrf24l01p_power_up
                0x08004db8       0x2a CMakeFiles/FlightController.dir/Core/Src/NRF24L01P.c.obj
                0x08004db8                nrf24l01p_power_up
 .text.nrf24l01p_set_crc_length
                0x08004de2       0x46 CMakeFiles/FlightController.dir/Core/Src/NRF24L01P.c.obj
                0x08004de2                nrf24l01p_set_crc_length
 .text.nrf24l01p_set_address_widths
                0x08004e28       0x20 CMakeFiles/FlightController.dir/Core/Src/NRF24L01P.c.obj
                0x08004e28                nrf24l01p_set_address_widths
 .text.nRF24L01_Set_Rx_Addr
                0x08004e48       0x16 CMakeFiles/FlightController.dir/Core/Src/NRF24L01P.c.obj
                0x08004e48                nRF24L01_Set_Rx_Addr
 .text.nrf24l01p_auto_retransmit_count
                0x08004e5e       0x36 CMakeFiles/FlightController.dir/Core/Src/NRF24L01P.c.obj
                0x08004e5e                nrf24l01p_auto_retransmit_count
 .text.nrf24l01p_set_rf_channel
                0x08004e94       0x26 CMakeFiles/FlightController.dir/Core/Src/NRF24L01P.c.obj
                0x08004e94                nrf24l01p_set_rf_channel
 .text.nrf24l01p_set_rf_tx_output_power
                0x08004eba       0x36 CMakeFiles/FlightController.dir/Core/Src/NRF24L01P.c.obj
                0x08004eba                nrf24l01p_set_rf_tx_output_power
 .text.nrf24l01p_set_rf_air_data_rate
                0x08004ef0       0x46 CMakeFiles/FlightController.dir/Core/Src/NRF24L01P.c.obj
                0x08004ef0                nrf24l01p_set_rf_air_data_rate
 .text.PID_Init
                0x08004f36       0x3a CMakeFiles/FlightController.dir/Core/Src/PID.c.obj
                0x08004f36                PID_Init
 .text.PID_Compute
                0x08004f70       0xb8 CMakeFiles/FlightController.dir/Core/Src/PID.c.obj
                0x08004f70                PID_Compute
 .text.KalmanFilter_Init
                0x08005028       0x3a CMakeFiles/FlightController.dir/Core/Src/KalmanFilter.c.obj
                0x08005028                KalmanFilter_Init
 .text.KalmanFilter_Update
                0x08005062       0xc4 CMakeFiles/FlightController.dir/Core/Src/KalmanFilter.c.obj
                0x08005062                KalmanFilter_Update
 *fill*         0x08005126        0x2 
 .text.main     0x08005128      0x594 CMakeFiles/FlightController.dir/Core/Src/main.c.obj
                0x08005128                main
 .text.SystemClock_Config
                0x080056bc       0x82 CMakeFiles/FlightController.dir/Core/Src/main.c.obj
                0x080056bc                SystemClock_Config
 *fill*         0x0800573e        0x2 
 .text.MX_I2C1_Init
                0x08005740       0x5c CMakeFiles/FlightController.dir/Core/Src/main.c.obj
 .text.MX_SPI1_Init
                0x0800579c       0x6c CMakeFiles/FlightController.dir/Core/Src/main.c.obj
 .text.MX_TIM1_Init
                0x08005808      0x140 CMakeFiles/FlightController.dir/Core/Src/main.c.obj
 .text.MX_TIM2_Init
                0x08005948       0xec CMakeFiles/FlightController.dir/Core/Src/main.c.obj
 .text.MX_TIM3_Init
                0x08005a34       0xec CMakeFiles/FlightController.dir/Core/Src/main.c.obj
 .text.MX_TIM4_Init
                0x08005b20       0xec CMakeFiles/FlightController.dir/Core/Src/main.c.obj
 .text.MX_USART1_UART_Init
                0x08005c0c       0x54 CMakeFiles/FlightController.dir/Core/Src/main.c.obj
 .text.MX_GPIO_Init
                0x08005c60      0x13c CMakeFiles/FlightController.dir/Core/Src/main.c.obj
 .text.HAL_GPIO_EXTI_Callback
                0x08005d9c       0x54 CMakeFiles/FlightController.dir/Core/Src/main.c.obj
                0x08005d9c                HAL_GPIO_EXTI_Callback
 .text.Error_Handler
                0x08005df0        0xc CMakeFiles/FlightController.dir/Core/Src/main.c.obj
                0x08005df0                Error_Handler
 .text.NMI_Handler
                0x08005dfc        0x8 CMakeFiles/FlightController.dir/Core/Src/stm32f1xx_it.c.obj
                0x08005dfc                NMI_Handler
 .text.HardFault_Handler
                0x08005e04        0x8 CMakeFiles/FlightController.dir/Core/Src/stm32f1xx_it.c.obj
                0x08005e04                HardFault_Handler
 .text.MemManage_Handler
                0x08005e0c        0x8 CMakeFiles/FlightController.dir/Core/Src/stm32f1xx_it.c.obj
                0x08005e0c                MemManage_Handler
 .text.BusFault_Handler
                0x08005e14        0x8 CMakeFiles/FlightController.dir/Core/Src/stm32f1xx_it.c.obj
                0x08005e14                BusFault_Handler
 .text.UsageFault_Handler
                0x08005e1c        0x8 CMakeFiles/FlightController.dir/Core/Src/stm32f1xx_it.c.obj
                0x08005e1c                UsageFault_Handler
 .text.SVC_Handler
                0x08005e24        0xc CMakeFiles/FlightController.dir/Core/Src/stm32f1xx_it.c.obj
                0x08005e24                SVC_Handler
 .text.DebugMon_Handler
                0x08005e30        0xc CMakeFiles/FlightController.dir/Core/Src/stm32f1xx_it.c.obj
                0x08005e30                DebugMon_Handler
 .text.PendSV_Handler
                0x08005e3c        0xc CMakeFiles/FlightController.dir/Core/Src/stm32f1xx_it.c.obj
                0x08005e3c                PendSV_Handler
 .text.SysTick_Handler
                0x08005e48        0xc CMakeFiles/FlightController.dir/Core/Src/stm32f1xx_it.c.obj
                0x08005e48                SysTick_Handler
 .text.USART1_IRQHandler
                0x08005e54       0x14 CMakeFiles/FlightController.dir/Core/Src/stm32f1xx_it.c.obj
                0x08005e54                USART1_IRQHandler
 .text.EXTI15_10_IRQHandler
                0x08005e68       0x18 CMakeFiles/FlightController.dir/Core/Src/stm32f1xx_it.c.obj
                0x08005e68                EXTI15_10_IRQHandler
 .text.HAL_MspInit
                0x08005e80       0x64 CMakeFiles/FlightController.dir/Core/Src/stm32f1xx_hal_msp.c.obj
                0x08005e80                HAL_MspInit
 .text.HAL_I2C_MspInit
                0x08005ee4       0xa0 CMakeFiles/FlightController.dir/Core/Src/stm32f1xx_hal_msp.c.obj
                0x08005ee4                HAL_I2C_MspInit
 .text.HAL_SPI_MspInit
                0x08005f84       0xb4 CMakeFiles/FlightController.dir/Core/Src/stm32f1xx_hal_msp.c.obj
                0x08005f84                HAL_SPI_MspInit
 .text.HAL_TIM_Base_MspInit
                0x08006038       0xb0 CMakeFiles/FlightController.dir/Core/Src/stm32f1xx_hal_msp.c.obj
                0x08006038                HAL_TIM_Base_MspInit
 .text.HAL_TIM_MspPostInit
                0x080060e8      0x128 CMakeFiles/FlightController.dir/Core/Src/stm32f1xx_hal_msp.c.obj
                0x080060e8                HAL_TIM_MspPostInit
 .text.HAL_UART_MspInit
                0x08006210       0xa8 CMakeFiles/FlightController.dir/Core/Src/stm32f1xx_hal_msp.c.obj
                0x08006210                HAL_UART_MspInit
 .text.HAL_I2C_Init
                0x080062b8      0x288 CMakeFiles/FlightController.dir/Drivers/STM32F1xx_HAL_Driver/Src/stm32f1xx_hal_i2c.c.obj
                0x080062b8                HAL_I2C_Init
 .text.HAL_I2C_Mem_Write
                0x08006540      0x1f4 CMakeFiles/FlightController.dir/Drivers/STM32F1xx_HAL_Driver/Src/stm32f1xx_hal_i2c.c.obj
                0x08006540                HAL_I2C_Mem_Write
 .text.HAL_I2C_Mem_Read
                0x08006734      0x4d0 CMakeFiles/FlightController.dir/Drivers/STM32F1xx_HAL_Driver/Src/stm32f1xx_hal_i2c.c.obj
                0x08006734                HAL_I2C_Mem_Read
 .text.HAL_I2C_IsDeviceReady
                0x08006c04      0x25c CMakeFiles/FlightController.dir/Drivers/STM32F1xx_HAL_Driver/Src/stm32f1xx_hal_i2c.c.obj
                0x08006c04                HAL_I2C_IsDeviceReady
 .text.I2C_RequestMemoryWrite
                0x08006e60      0x12c CMakeFiles/FlightController.dir/Drivers/STM32F1xx_HAL_Driver/Src/stm32f1xx_hal_i2c.c.obj
 .text.I2C_RequestMemoryRead
                0x08006f8c      0x1d0 CMakeFiles/FlightController.dir/Drivers/STM32F1xx_HAL_Driver/Src/stm32f1xx_hal_i2c.c.obj
 .text.I2C_WaitOnFlagUntilTimeout
                0x0800715c       0xf4 CMakeFiles/FlightController.dir/Drivers/STM32F1xx_HAL_Driver/Src/stm32f1xx_hal_i2c.c.obj
 .text.I2C_WaitOnMasterAddressFlagUntilTimeout
                0x08007250      0x140 CMakeFiles/FlightController.dir/Drivers/STM32F1xx_HAL_Driver/Src/stm32f1xx_hal_i2c.c.obj
 .text.I2C_WaitOnTXEFlagUntilTimeout
                0x08007390       0x90 CMakeFiles/FlightController.dir/Drivers/STM32F1xx_HAL_Driver/Src/stm32f1xx_hal_i2c.c.obj
 .text.I2C_WaitOnBTFFlagUntilTimeout
                0x08007420       0x90 CMakeFiles/FlightController.dir/Drivers/STM32F1xx_HAL_Driver/Src/stm32f1xx_hal_i2c.c.obj
 .text.I2C_WaitOnRXNEFlagUntilTimeout
                0x080074b0       0xba CMakeFiles/FlightController.dir/Drivers/STM32F1xx_HAL_Driver/Src/stm32f1xx_hal_i2c.c.obj
 .text.I2C_IsAcknowledgeFailed
                0x0800756a       0x5c CMakeFiles/FlightController.dir/Drivers/STM32F1xx_HAL_Driver/Src/stm32f1xx_hal_i2c.c.obj
 *fill*         0x080075c6        0x2 
 .text.HAL_Init
                0x080075c8       0x2c CMakeFiles/FlightController.dir/Drivers/STM32F1xx_HAL_Driver/Src/stm32f1xx_hal.c.obj
                0x080075c8                HAL_Init
 .text.HAL_InitTick
                0x080075f4       0x60 CMakeFiles/FlightController.dir/Drivers/STM32F1xx_HAL_Driver/Src/stm32f1xx_hal.c.obj
                0x080075f4                HAL_InitTick
 .text.HAL_IncTick
                0x08007654       0x24 CMakeFiles/FlightController.dir/Drivers/STM32F1xx_HAL_Driver/Src/stm32f1xx_hal.c.obj
                0x08007654                HAL_IncTick
 .text.HAL_GetTick
                0x08007678       0x14 CMakeFiles/FlightController.dir/Drivers/STM32F1xx_HAL_Driver/Src/stm32f1xx_hal.c.obj
                0x08007678                HAL_GetTick
 .text.HAL_Delay
                0x0800768c       0x48 CMakeFiles/FlightController.dir/Drivers/STM32F1xx_HAL_Driver/Src/stm32f1xx_hal.c.obj
                0x0800768c                HAL_Delay
 .text.HAL_RCC_OscConfig
                0x080076d4      0x504 CMakeFiles/FlightController.dir/Drivers/STM32F1xx_HAL_Driver/Src/stm32f1xx_hal_rcc.c.obj
                0x080076d4                HAL_RCC_OscConfig
 .text.HAL_RCC_ClockConfig
                0x08007bd8      0x1d4 CMakeFiles/FlightController.dir/Drivers/STM32F1xx_HAL_Driver/Src/stm32f1xx_hal_rcc.c.obj
                0x08007bd8                HAL_RCC_ClockConfig
 .text.HAL_RCC_GetSysClockFreq
                0x08007dac       0xa8 CMakeFiles/FlightController.dir/Drivers/STM32F1xx_HAL_Driver/Src/stm32f1xx_hal_rcc.c.obj
                0x08007dac                HAL_RCC_GetSysClockFreq
 .text.HAL_RCC_GetHCLKFreq
                0x08007e54       0x14 CMakeFiles/FlightController.dir/Drivers/STM32F1xx_HAL_Driver/Src/stm32f1xx_hal_rcc.c.obj
                0x08007e54                HAL_RCC_GetHCLKFreq
 .text.HAL_RCC_GetPCLK1Freq
                0x08007e68       0x28 CMakeFiles/FlightController.dir/Drivers/STM32F1xx_HAL_Driver/Src/stm32f1xx_hal_rcc.c.obj
                0x08007e68                HAL_RCC_GetPCLK1Freq
 .text.HAL_RCC_GetPCLK2Freq
                0x08007e90       0x28 CMakeFiles/FlightController.dir/Drivers/STM32F1xx_HAL_Driver/Src/stm32f1xx_hal_rcc.c.obj
                0x08007e90                HAL_RCC_GetPCLK2Freq
 .text.RCC_Delay
                0x08007eb8       0x3c CMakeFiles/FlightController.dir/Drivers/STM32F1xx_HAL_Driver/Src/stm32f1xx_hal_rcc.c.obj
 .text.HAL_GPIO_Init
                0x08007ef4      0x308 CMakeFiles/FlightController.dir/Drivers/STM32F1xx_HAL_Driver/Src/stm32f1xx_hal_gpio.c.obj
                0x08007ef4                HAL_GPIO_Init
 .text.HAL_GPIO_WritePin
                0x080081fc       0x30 CMakeFiles/FlightController.dir/Drivers/STM32F1xx_HAL_Driver/Src/stm32f1xx_hal_gpio.c.obj
                0x080081fc                HAL_GPIO_WritePin
 .text.HAL_GPIO_EXTI_IRQHandler
                0x0800822c       0x30 CMakeFiles/FlightController.dir/Drivers/STM32F1xx_HAL_Driver/Src/stm32f1xx_hal_gpio.c.obj
                0x0800822c                HAL_GPIO_EXTI_IRQHandler
 .text.HAL_DMA_Abort
                0x0800825c       0x76 CMakeFiles/FlightController.dir/Drivers/STM32F1xx_HAL_Driver/Src/stm32f1xx_hal_dma.c.obj
                0x0800825c                HAL_DMA_Abort
 *fill*         0x080082d2        0x2 
 .text.HAL_DMA_Abort_IT
                0x080082d4       0xf0 CMakeFiles/FlightController.dir/Drivers/STM32F1xx_HAL_Driver/Src/stm32f1xx_hal_dma.c.obj
                0x080082d4                HAL_DMA_Abort_IT
 .text.__NVIC_SetPriorityGrouping
                0x080083c4       0x48 CMakeFiles/FlightController.dir/Drivers/STM32F1xx_HAL_Driver/Src/stm32f1xx_hal_cortex.c.obj
 .text.__NVIC_GetPriorityGrouping
                0x0800840c       0x1c CMakeFiles/FlightController.dir/Drivers/STM32F1xx_HAL_Driver/Src/stm32f1xx_hal_cortex.c.obj
 .text.__NVIC_EnableIRQ
                0x08008428       0x38 CMakeFiles/FlightController.dir/Drivers/STM32F1xx_HAL_Driver/Src/stm32f1xx_hal_cortex.c.obj
 .text.__NVIC_SetPriority
                0x08008460       0x54 CMakeFiles/FlightController.dir/Drivers/STM32F1xx_HAL_Driver/Src/stm32f1xx_hal_cortex.c.obj
 .text.NVIC_EncodePriority
                0x080084b4       0x64 CMakeFiles/FlightController.dir/Drivers/STM32F1xx_HAL_Driver/Src/stm32f1xx_hal_cortex.c.obj
 .text.SysTick_Config
                0x08008518       0x44 CMakeFiles/FlightController.dir/Drivers/STM32F1xx_HAL_Driver/Src/stm32f1xx_hal_cortex.c.obj
 .text.HAL_NVIC_SetPriorityGrouping
                0x0800855c       0x16 CMakeFiles/FlightController.dir/Drivers/STM32F1xx_HAL_Driver/Src/stm32f1xx_hal_cortex.c.obj
                0x0800855c                HAL_NVIC_SetPriorityGrouping
 .text.HAL_NVIC_SetPriority
                0x08008572       0x38 CMakeFiles/FlightController.dir/Drivers/STM32F1xx_HAL_Driver/Src/stm32f1xx_hal_cortex.c.obj
                0x08008572                HAL_NVIC_SetPriority
 .text.HAL_NVIC_EnableIRQ
                0x080085aa       0x1c CMakeFiles/FlightController.dir/Drivers/STM32F1xx_HAL_Driver/Src/stm32f1xx_hal_cortex.c.obj
                0x080085aa                HAL_NVIC_EnableIRQ
 .text.HAL_SYSTICK_Config
                0x080085c6       0x18 CMakeFiles/FlightController.dir/Drivers/STM32F1xx_HAL_Driver/Src/stm32f1xx_hal_cortex.c.obj
                0x080085c6                HAL_SYSTICK_Config
 .text.HAL_SPI_Init
                0x080085de      0x108 CMakeFiles/FlightController.dir/Drivers/STM32F1xx_HAL_Driver/Src/stm32f1xx_hal_spi.c.obj
                0x080085de                HAL_SPI_Init
 .text.HAL_SPI_Transmit
                0x080086e6      0x286 CMakeFiles/FlightController.dir/Drivers/STM32F1xx_HAL_Driver/Src/stm32f1xx_hal_spi.c.obj
                0x080086e6                HAL_SPI_Transmit
 .text.HAL_SPI_Receive
                0x0800896c      0x230 CMakeFiles/FlightController.dir/Drivers/STM32F1xx_HAL_Driver/Src/stm32f1xx_hal_spi.c.obj
                0x0800896c                HAL_SPI_Receive
 .text.HAL_SPI_TransmitReceive
                0x08008b9c      0x360 CMakeFiles/FlightController.dir/Drivers/STM32F1xx_HAL_Driver/Src/stm32f1xx_hal_spi.c.obj
                0x08008b9c                HAL_SPI_TransmitReceive
 .text.SPI_WaitFlagStateUntilTimeout
                0x08008efc      0x110 CMakeFiles/FlightController.dir/Drivers/STM32F1xx_HAL_Driver/Src/stm32f1xx_hal_spi.c.obj
 .text.SPI_EndRxTransaction
                0x0800900c       0xa4 CMakeFiles/FlightController.dir/Drivers/STM32F1xx_HAL_Driver/Src/stm32f1xx_hal_spi.c.obj
 .text.SPI_EndRxTxTransaction
                0x080090b0       0x3c CMakeFiles/FlightController.dir/Drivers/STM32F1xx_HAL_Driver/Src/stm32f1xx_hal_spi.c.obj
 .text.HAL_TIM_Base_Init
                0x080090ec       0x9e CMakeFiles/FlightController.dir/Drivers/STM32F1xx_HAL_Driver/Src/stm32f1xx_hal_tim.c.obj
                0x080090ec                HAL_TIM_Base_Init
 .text.HAL_TIM_PWM_Init
                0x0800918a       0x9e CMakeFiles/FlightController.dir/Drivers/STM32F1xx_HAL_Driver/Src/stm32f1xx_hal_tim.c.obj
                0x0800918a                HAL_TIM_PWM_Init
 .text.HAL_TIM_PWM_MspInit
                0x08009228       0x12 CMakeFiles/FlightController.dir/Drivers/STM32F1xx_HAL_Driver/Src/stm32f1xx_hal_tim.c.obj
                0x08009228                HAL_TIM_PWM_MspInit
 *fill*         0x0800923a        0x2 
 .text.HAL_TIM_PWM_Start
                0x0800923c      0x144 CMakeFiles/FlightController.dir/Drivers/STM32F1xx_HAL_Driver/Src/stm32f1xx_hal_tim.c.obj
                0x0800923c                HAL_TIM_PWM_Start
 .text.HAL_TIM_PWM_ConfigChannel
                0x08009380      0x184 CMakeFiles/FlightController.dir/Drivers/STM32F1xx_HAL_Driver/Src/stm32f1xx_hal_tim.c.obj
                0x08009380                HAL_TIM_PWM_ConfigChannel
 .text.HAL_TIM_ConfigClockSource
                0x08009504      0x18e CMakeFiles/FlightController.dir/Drivers/STM32F1xx_HAL_Driver/Src/stm32f1xx_hal_tim.c.obj
                0x08009504                HAL_TIM_ConfigClockSource
 *fill*         0x08009692        0x2 
 .text.TIM_Base_SetConfig
                0x08009694       0xc4 CMakeFiles/FlightController.dir/Drivers/STM32F1xx_HAL_Driver/Src/stm32f1xx_hal_tim.c.obj
                0x08009694                TIM_Base_SetConfig
 .text.TIM_OC1_SetConfig
                0x08009758       0xcc CMakeFiles/FlightController.dir/Drivers/STM32F1xx_HAL_Driver/Src/stm32f1xx_hal_tim.c.obj
 .text.TIM_OC2_SetConfig
                0x08009824       0xd4 CMakeFiles/FlightController.dir/Drivers/STM32F1xx_HAL_Driver/Src/stm32f1xx_hal_tim.c.obj
                0x08009824                TIM_OC2_SetConfig
 .text.TIM_OC3_SetConfig
                0x080098f8       0xd4 CMakeFiles/FlightController.dir/Drivers/STM32F1xx_HAL_Driver/Src/stm32f1xx_hal_tim.c.obj
 .text.TIM_OC4_SetConfig
                0x080099cc       0x9c CMakeFiles/FlightController.dir/Drivers/STM32F1xx_HAL_Driver/Src/stm32f1xx_hal_tim.c.obj
 .text.TIM_TI1_ConfigInputStage
                0x08009a68       0x5c CMakeFiles/FlightController.dir/Drivers/STM32F1xx_HAL_Driver/Src/stm32f1xx_hal_tim.c.obj
 .text.TIM_TI2_ConfigInputStage
                0x08009ac4       0x5e CMakeFiles/FlightController.dir/Drivers/STM32F1xx_HAL_Driver/Src/stm32f1xx_hal_tim.c.obj
 .text.TIM_ITRx_SetConfig
                0x08009b22       0x34 CMakeFiles/FlightController.dir/Drivers/STM32F1xx_HAL_Driver/Src/stm32f1xx_hal_tim.c.obj
 .text.TIM_ETR_SetConfig
                0x08009b56       0x3e CMakeFiles/FlightController.dir/Drivers/STM32F1xx_HAL_Driver/Src/stm32f1xx_hal_tim.c.obj
                0x08009b56                TIM_ETR_SetConfig
 .text.TIM_CCxChannelCmd
                0x08009b94       0x48 CMakeFiles/FlightController.dir/Drivers/STM32F1xx_HAL_Driver/Src/stm32f1xx_hal_tim.c.obj
                0x08009b94                TIM_CCxChannelCmd
 .text.HAL_TIMEx_MasterConfigSynchronization
                0x08009bdc       0xbc CMakeFiles/FlightController.dir/Drivers/STM32F1xx_HAL_Driver/Src/stm32f1xx_hal_tim_ex.c.obj
                0x08009bdc                HAL_TIMEx_MasterConfigSynchronization
 .text.HAL_TIMEx_ConfigBreakDeadTime
                0x08009c98       0xa2 CMakeFiles/FlightController.dir/Drivers/STM32F1xx_HAL_Driver/Src/stm32f1xx_hal_tim_ex.c.obj
                0x08009c98                HAL_TIMEx_ConfigBreakDeadTime
 .text.HAL_UART_Init
                0x08009d3a       0xa0 CMakeFiles/FlightController.dir/Drivers/STM32F1xx_HAL_Driver/Src/stm32f1xx_hal_uart.c.obj
                0x08009d3a                HAL_UART_Init
 .text.HAL_UART_Transmit
                0x08009dda      0x106 CMakeFiles/FlightController.dir/Drivers/STM32F1xx_HAL_Driver/Src/stm32f1xx_hal_uart.c.obj
                0x08009dda                HAL_UART_Transmit
 .text.HAL_UART_IRQHandler
                0x08009ee0      0x524 CMakeFiles/FlightController.dir/Drivers/STM32F1xx_HAL_Driver/Src/stm32f1xx_hal_uart.c.obj
                0x08009ee0                HAL_UART_IRQHandler
 .text.HAL_UART_TxCpltCallback
                0x0800a404       0x12 CMakeFiles/FlightController.dir/Drivers/STM32F1xx_HAL_Driver/Src/stm32f1xx_hal_uart.c.obj
                0x0800a404                HAL_UART_TxCpltCallback
 .text.HAL_UART_RxCpltCallback
                0x0800a416       0x12 CMakeFiles/FlightController.dir/Drivers/STM32F1xx_HAL_Driver/Src/stm32f1xx_hal_uart.c.obj
                0x0800a416                HAL_UART_RxCpltCallback
 .text.HAL_UART_ErrorCallback
                0x0800a428       0x12 CMakeFiles/FlightController.dir/Drivers/STM32F1xx_HAL_Driver/Src/stm32f1xx_hal_uart.c.obj
                0x0800a428                HAL_UART_ErrorCallback
 .text.HAL_UARTEx_RxEventCallback
                0x0800a43a       0x16 CMakeFiles/FlightController.dir/Drivers/STM32F1xx_HAL_Driver/Src/stm32f1xx_hal_uart.c.obj
                0x0800a43a                HAL_UARTEx_RxEventCallback
 .text.UART_WaitOnFlagUntilTimeout
                0x0800a450       0xdc CMakeFiles/FlightController.dir/Drivers/STM32F1xx_HAL_Driver/Src/stm32f1xx_hal_uart.c.obj
 .text.UART_EndRxTransfer
                0x0800a52c       0xc4 CMakeFiles/FlightController.dir/Drivers/STM32F1xx_HAL_Driver/Src/stm32f1xx_hal_uart.c.obj
 .text.UART_DMAAbortOnError
                0x0800a5f0       0x28 CMakeFiles/FlightController.dir/Drivers/STM32F1xx_HAL_Driver/Src/stm32f1xx_hal_uart.c.obj
 .text.UART_Transmit_IT
                0x0800a618       0x9e CMakeFiles/FlightController.dir/Drivers/STM32F1xx_HAL_Driver/Src/stm32f1xx_hal_uart.c.obj
 .text.UART_EndTransmit_IT
                0x0800a6b6       0x30 CMakeFiles/FlightController.dir/Drivers/STM32F1xx_HAL_Driver/Src/stm32f1xx_hal_uart.c.obj
 .text.UART_Receive_IT
                0x0800a6e6      0x17c CMakeFiles/FlightController.dir/Drivers/STM32F1xx_HAL_Driver/Src/stm32f1xx_hal_uart.c.obj
 *fill*         0x0800a862        0x2 
 .text.UART_SetConfig
                0x0800a864      0x11c CMakeFiles/FlightController.dir/Drivers/STM32F1xx_HAL_Driver/Src/stm32f1xx_hal_uart.c.obj
 .text.SystemInit
                0x0800a980        0xc CMakeFiles/FlightController.dir/Core/Src/system_stm32f1xx.c.obj
                0x0800a980                SystemInit
 .text._sbrk    0x0800a98c       0x6c CMakeFiles/FlightController.dir/Core/Src/sysmem.c.obj
                0x0800a98c                _sbrk
 .text._getpid  0x0800a9f8        0xe CMakeFiles/FlightController.dir/Core/Src/syscalls.c.obj
                0x0800a9f8                _getpid
 .text._kill    0x0800aa06       0x20 CMakeFiles/FlightController.dir/Core/Src/syscalls.c.obj
                0x0800aa06                _kill
 .text._exit    0x0800aa26       0x16 CMakeFiles/FlightController.dir/Core/Src/syscalls.c.obj
                0x0800aa26                _exit
 .text._read    0x0800aa3c       0x3a CMakeFiles/FlightController.dir/Core/Src/syscalls.c.obj
                0x0800aa3c                _read
 .text._write   0x0800aa76       0x38 CMakeFiles/FlightController.dir/Core/Src/syscalls.c.obj
                0x0800aa76                _write
 .text._close   0x0800aaae       0x16 CMakeFiles/FlightController.dir/Core/Src/syscalls.c.obj
                0x0800aaae                _close
 .text._fstat   0x0800aac4       0x1e CMakeFiles/FlightController.dir/Core/Src/syscalls.c.obj
                0x0800aac4                _fstat
 .text._isatty  0x0800aae2       0x14 CMakeFiles/FlightController.dir/Core/Src/syscalls.c.obj
                0x0800aae2                _isatty
 .text._lseek   0x0800aaf6       0x18 CMakeFiles/FlightController.dir/Core/Src/syscalls.c.obj
                0x0800aaf6                _lseek
 *fill*         0x0800ab0e        0x2 
 .text.Reset_Handler
                0x0800ab10       0x48 CMakeFiles/FlightController.dir/startup_stm32f103xb.s.obj
                0x0800ab10                Reset_Handler
 .text.Default_Handler
                0x0800ab58        0x2 CMakeFiles/FlightController.dir/startup_stm32f103xb.s.obj
                0x0800ab58                RTC_Alarm_IRQHandler
                0x0800ab58                EXTI2_IRQHandler
                0x0800ab58                TIM1_CC_IRQHandler
                0x0800ab58                PVD_IRQHandler
                0x0800ab58                EXTI3_IRQHandler
                0x0800ab58                EXTI0_IRQHandler
                0x0800ab58                I2C2_EV_IRQHandler
                0x0800ab58                ADC1_2_IRQHandler
                0x0800ab58                SPI1_IRQHandler
                0x0800ab58                TAMPER_IRQHandler
                0x0800ab58                DMA1_Channel4_IRQHandler
                0x0800ab58                USART3_IRQHandler
                0x0800ab58                RTC_IRQHandler
                0x0800ab58                DMA1_Channel7_IRQHandler
                0x0800ab58                CAN1_RX1_IRQHandler
                0x0800ab58                TIM4_IRQHandler
                0x0800ab58                I2C1_EV_IRQHandler
                0x0800ab58                DMA1_Channel6_IRQHandler
                0x0800ab58                TIM3_IRQHandler
                0x0800ab58                RCC_IRQHandler
                0x0800ab58                TIM1_TRG_COM_IRQHandler
                0x0800ab58                DMA1_Channel1_IRQHandler
                0x0800ab58                Default_Handler
                0x0800ab58                EXTI9_5_IRQHandler
                0x0800ab58                SPI2_IRQHandler
                0x0800ab58                DMA1_Channel5_IRQHandler
                0x0800ab58                EXTI4_IRQHandler
                0x0800ab58                USB_LP_CAN1_RX0_IRQHandler
                0x0800ab58                USB_HP_CAN1_TX_IRQHandler
                0x0800ab58                DMA1_Channel3_IRQHandler
                0x0800ab58                TIM1_UP_IRQHandler
                0x0800ab58                WWDG_IRQHandler
                0x0800ab58                TIM2_IRQHandler
                0x0800ab58                TIM1_BRK_IRQHandler
                0x0800ab58                EXTI1_IRQHandler
                0x0800ab58                USART2_IRQHandler
                0x0800ab58                I2C2_ER_IRQHandler
                0x0800ab58                DMA1_Channel2_IRQHandler
                0x0800ab58                CAN1_SCE_IRQHandler
                0x0800ab58                FLASH_IRQHandler
                0x0800ab58                I2C1_ER_IRQHandler
                0x0800ab58                USBWakeUp_IRQHandler
 *fill*         0x0800ab5a        0x2 
 .text.sprintf  0x0800ab5c       0x40 C:/ST/STM32CubeCLT_1.15.1/GNU-tools-for-STM32/bin/../lib/gcc/arm-none-eabi/12.3.1/../../../../arm-none-eabi/lib/thumb/v7-m/nofp\libg_nano.a(libc_a-sprintf.o)
                0x0800ab5c                siprintf
                0x0800ab5c                sprintf
 .text.__errno  0x0800ab9c        0xc C:/ST/STM32CubeCLT_1.15.1/GNU-tools-for-STM32/bin/../lib/gcc/arm-none-eabi/12.3.1/../../../../arm-none-eabi/lib/thumb/v7-m/nofp\libg_nano.a(libc_a-errno.o)
                0x0800ab9c                __errno
 .text.__ssputs_r
                0x0800aba8       0xb6 C:/ST/STM32CubeCLT_1.15.1/GNU-tools-for-STM32/bin/../lib/gcc/arm-none-eabi/12.3.1/../../../../arm-none-eabi/lib/thumb/v7-m/nofp\libg_nano.a(libc_a-nano-svfprintf.o)
                0x0800aba8                __ssputs_r
 *fill*         0x0800ac5e        0x2 
 .text._svfprintf_r
                0x0800ac60      0x1f8 C:/ST/STM32CubeCLT_1.15.1/GNU-tools-for-STM32/bin/../lib/gcc/arm-none-eabi/12.3.1/../../../../arm-none-eabi/lib/thumb/v7-m/nofp\libg_nano.a(libc_a-nano-svfprintf.o)
                0x0800ac60                _svfiprintf_r
                0x0800ac60                _svfprintf_r
 .text.atan2    0x0800ae58        0x4 C:/ST/STM32CubeCLT_1.15.1/GNU-tools-for-STM32/bin/../lib/gcc/arm-none-eabi/12.3.1/../../../../arm-none-eabi/lib/thumb/v7-m/nofp\libm.a(libm_a-w_atan2.o)
                0x0800ae58                atan2
 .text.sqrt     0x0800ae5c       0x48 C:/ST/STM32CubeCLT_1.15.1/GNU-tools-for-STM32/bin/../lib/gcc/arm-none-eabi/12.3.1/../../../../arm-none-eabi/lib/thumb/v7-m/nofp\libm.a(libm_a-w_sqrt.o)
                0x0800ae5c                sqrt
 *fill*         0x0800aea4        0x4 
 .text.atan     0x0800aea8      0x320 C:/ST/STM32CubeCLT_1.15.1/GNU-tools-for-STM32/bin/../lib/gcc/arm-none-eabi/12.3.1/../../../../arm-none-eabi/lib/thumb/v7-m/nofp\libm.a(libm_a-s_atan.o)
                0x0800aea8                atan
 .text.cos      0x0800b1c8       0x8c C:/ST/STM32CubeCLT_1.15.1/GNU-tools-for-STM32/bin/../lib/gcc/arm-none-eabi/12.3.1/../../../../arm-none-eabi/lib/thumb/v7-m/nofp\libm.a(libm_a-s_cos.o)
                0x0800b1c8                cos
 .text.fabs     0x0800b254        0x8 C:/ST/STM32CubeCLT_1.15.1/GNU-tools-for-STM32/bin/../lib/gcc/arm-none-eabi/12.3.1/../../../../arm-none-eabi/lib/thumb/v7-m/nofp\libm.a(libm_a-s_fabs.o)
                0x0800b254                fabs
 .text.__ieee754_sqrt
                0x0800b25c      0x1ac C:/ST/STM32CubeCLT_1.15.1/GNU-tools-for-STM32/bin/../lib/gcc/arm-none-eabi/12.3.1/../../../../arm-none-eabi/lib/thumb/v7-m/nofp\libm.a(libm_a-e_sqrt.o)
                0x0800b25c                __ieee754_sqrt
 .text.__kernel_cos
                0x0800b408      0x17c C:/ST/STM32CubeCLT_1.15.1/GNU-tools-for-STM32/bin/../lib/gcc/arm-none-eabi/12.3.1/../../../../arm-none-eabi/lib/thumb/v7-m/nofp\libm.a(libm_a-k_cos.o)
                0x0800b408                __kernel_cos
 *fill*         0x0800b584        0x4 
 .text.__kernel_sin
                0x0800b588      0x16c C:/ST/STM32CubeCLT_1.15.1/GNU-tools-for-STM32/bin/../lib/gcc/arm-none-eabi/12.3.1/../../../../arm-none-eabi/lib/thumb/v7-m/nofp\libm.a(libm_a-k_sin.o)
                0x0800b588                __kernel_sin
 *fill*         0x0800b6f4        0x4 
 .text.__ieee754_atan2
                0x0800b6f8      0x1a4 C:/ST/STM32CubeCLT_1.15.1/GNU-tools-for-STM32/bin/../lib/gcc/arm-none-eabi/12.3.1/../../../../arm-none-eabi/lib/thumb/v7-m/nofp\libm.a(libm_a-e_atan2.o)
                0x0800b6f8                __ieee754_atan2
 *fill*         0x0800b89c        0x4 
 .text.__ieee754_rem_pio2
                0x0800b8a0      0x3ec C:/ST/STM32CubeCLT_1.15.1/GNU-tools-for-STM32/bin/../lib/gcc/arm-none-eabi/12.3.1/../../../../arm-none-eabi/lib/thumb/v7-m/nofp\libm.a(libm_a-e_rem_pio2.o)
                0x0800b8a0                __ieee754_rem_pio2
 .text.__kernel_rem_pio2
                0x0800bc8c      0x648 C:/ST/STM32CubeCLT_1.15.1/GNU-tools-for-STM32/bin/../lib/gcc/arm-none-eabi/12.3.1/../../../../arm-none-eabi/lib/thumb/v7-m/nofp\libm.a(libm_a-k_rem_pio2.o)
                0x0800bc8c                __kernel_rem_pio2
 *fill*         0x0800c2d4        0x4 
 .text.scalbn   0x0800c2d8       0xec C:/ST/STM32CubeCLT_1.15.1/GNU-tools-for-STM32/bin/../lib/gcc/arm-none-eabi/12.3.1/../../../../arm-none-eabi/lib/thumb/v7-m/nofp\libm.a(libm_a-s_scalbn.o)
                0x0800c2d8                scalbn
 *fill*         0x0800c3c4        0x4 
 .text.floor    0x0800c3c8      0x100 C:/ST/STM32CubeCLT_1.15.1/GNU-tools-for-STM32/bin/../lib/gcc/arm-none-eabi/12.3.1/../../../../arm-none-eabi/lib/thumb/v7-m/nofp\libm.a(libm_a-s_floor.o)
                0x0800c3c8                floor
 *(.glue_7)
 .glue_7        0x0800c4c8        0x0 linker stubs
 *(.glue_7t)
 .glue_7t       0x0800c4c8        0x0 linker stubs
 *(.eh_frame)
 .eh_frame      0x0800c4c8        0x0 C:/ST/STM32CubeCLT_1.15.1/GNU-tools-for-STM32/bin/../lib/gcc/arm-none-eabi/12.3.1/thumb/v7-m/nofp/crtbegin.o
 *(.init)
 .init          0x0800c4c8        0x4 C:/ST/STM32CubeCLT_1.15.1/GNU-tools-for-STM32/bin/../lib/gcc/arm-none-eabi/12.3.1/thumb/v7-m/nofp/crti.o
                0x0800c4c8                _init
 .init          0x0800c4cc        0x8 C:/ST/STM32CubeCLT_1.15.1/GNU-tools-for-STM32/bin/../lib/gcc/arm-none-eabi/12.3.1/thumb/v7-m/nofp/crtn.o
 *(.fini)
 .fini          0x0800c4d4        0x4 C:/ST/STM32CubeCLT_1.15.1/GNU-tools-for-STM32/bin/../lib/gcc/arm-none-eabi/12.3.1/thumb/v7-m/nofp/crti.o
                0x0800c4d4                _fini
 .fini          0x0800c4d8        0x8 C:/ST/STM32CubeCLT_1.15.1/GNU-tools-for-STM32/bin/../lib/gcc/arm-none-eabi/12.3.1/thumb/v7-m/nofp/crtn.o
                0x0800c4e0                        . = ALIGN (0x4)
                0x0800c4e0                        _etext = .

.vfp11_veneer   0x0800c4e0        0x0
 .vfp11_veneer  0x0800c4e0        0x0 linker stubs

.v4_bx          0x0800c4e0        0x0
 .v4_bx         0x0800c4e0        0x0 linker stubs

.iplt           0x0800c4e0        0x0
 .iplt          0x0800c4e0        0x0 C:/ST/STM32CubeCLT_1.15.1/GNU-tools-for-STM32/bin/../lib/gcc/arm-none-eabi/12.3.1/thumb/v7-m/nofp/crtbegin.o

.rodata         0x0800c4e0      0x828
                0x0800c4e0                        . = ALIGN (0x4)
 *(.rodata)
 .rodata        0x0800c4e0       0x61 CMakeFiles/FlightController.dir/Core/Src/Tools.c.obj
 *fill*         0x0800c541        0x3 
 .rodata        0x0800c544       0x2b CMakeFiles/FlightController.dir/Core/Src/MotorControl.c.obj
 *fill*         0x0800c56f        0x1 
 .rodata        0x0800c570       0x40 CMakeFiles/FlightController.dir/Core/Src/MPU6050.c.obj
 .rodata        0x0800c5b0       0x19 CMakeFiles/FlightController.dir/Core/Src/NRF24L01P.c.obj
 *fill*         0x0800c5c9        0x3 
 .rodata        0x0800c5cc      0x14f CMakeFiles/FlightController.dir/Core/Src/main.c.obj
 *(.rodata*)
 .rodata._printf_float.str1.1
                0x0800c71b       0x12 C:/ST/STM32CubeCLT_1.15.1/GNU-tools-for-STM32/bin/../lib/gcc/arm-none-eabi/12.3.1/../../../../arm-none-eabi/lib/thumb/v7-m/nofp\libc_nano.a(libc_a-nano-vfprintf_float.o)
 .rodata._printf_i.str1.1
                0x0800c72d       0x22 C:/ST/STM32CubeCLT_1.15.1/GNU-tools-for-STM32/bin/../lib/gcc/arm-none-eabi/12.3.1/../../../../arm-none-eabi/lib/thumb/v7-m/nofp\libc_nano.a(libc_a-nano-vfprintf_i.o)
 .rodata._dtoa_r.str1.1
                0x0800c74f       0x8d C:/ST/STM32CubeCLT_1.15.1/GNU-tools-for-STM32/bin/../lib/gcc/arm-none-eabi/12.3.1/../../../../arm-none-eabi/lib/thumb/v7-m/nofp\libc_nano.a(libc_a-dtoa.o)
                                 0x8f (size before relaxing)
 .rodata._Balloc.str1.1
                0x0800c7dc       0x59 C:/ST/STM32CubeCLT_1.15.1/GNU-tools-for-STM32/bin/../lib/gcc/arm-none-eabi/12.3.1/../../../../arm-none-eabi/lib/thumb/v7-m/nofp\libc_nano.a(libc_a-mprec.o)
                                 0x70 (size before relaxing)
 .rodata.__multadd.str1.1
                0x0800c835       0x11 C:/ST/STM32CubeCLT_1.15.1/GNU-tools-for-STM32/bin/../lib/gcc/arm-none-eabi/12.3.1/../../../../arm-none-eabi/lib/thumb/v7-m/nofp\libc_nano.a(libc_a-mprec.o)
 *fill*         0x0800c835        0x3 
 .rodata.p05.0  0x0800c838        0xc C:/ST/STM32CubeCLT_1.15.1/GNU-tools-for-STM32/bin/../lib/gcc/arm-none-eabi/12.3.1/../../../../arm-none-eabi/lib/thumb/v7-m/nofp\libc_nano.a(libc_a-mprec.o)
 *fill*         0x0800c844        0x4 
 .rodata.__mprec_bigtens
                0x0800c848       0x28 C:/ST/STM32CubeCLT_1.15.1/GNU-tools-for-STM32/bin/../lib/gcc/arm-none-eabi/12.3.1/../../../../arm-none-eabi/lib/thumb/v7-m/nofp\libc_nano.a(libc_a-mprec.o)
                0x0800c848                __mprec_bigtens
 .rodata.__mprec_tens
                0x0800c870       0xc8 C:/ST/STM32CubeCLT_1.15.1/GNU-tools-for-STM32/bin/../lib/gcc/arm-none-eabi/12.3.1/../../../../arm-none-eabi/lib/thumb/v7-m/nofp\libc_nano.a(libc_a-mprec.o)
                0x0800c870                __mprec_tens
 .rodata._setlocale_r.str1.1
                0x0800c938        0x8 C:/ST/STM32CubeCLT_1.15.1/GNU-tools-for-STM32/bin/../lib/gcc/arm-none-eabi/12.3.1/../../../../arm-none-eabi/lib/thumb/v7-m/nofp\libc_nano.a(libc_a-locale.o)
                                  0x9 (size before relaxing)
 .rodata.str1.1
                0x0800c940        0x2 C:/ST/STM32CubeCLT_1.15.1/GNU-tools-for-STM32/bin/../lib/gcc/arm-none-eabi/12.3.1/../../../../arm-none-eabi/lib/thumb/v7-m/nofp\libc_nano.a(libc_a-locale.o)
 .rodata.__assert_func.str1.1
                0x0800c942       0x3c C:/ST/STM32CubeCLT_1.15.1/GNU-tools-for-STM32/bin/../lib/gcc/arm-none-eabi/12.3.1/../../../../arm-none-eabi/lib/thumb/v7-m/nofp\libc_nano.a(libc_a-assert.o)
                                 0x3d (size before relaxing)
 .rodata._ctype_
                0x0800c97e      0x101 C:/ST/STM32CubeCLT_1.15.1/GNU-tools-for-STM32/bin/../lib/gcc/arm-none-eabi/12.3.1/../../../../arm-none-eabi/lib/thumb/v7-m/nofp\libc_nano.a(libc_a-ctype_.o)
                0x0800c97e                _ctype_
 .rodata._vfprintf_r.str1.1
                0x0800ca7f       0x11 C:/ST/STM32CubeCLT_1.15.1/GNU-tools-for-STM32/bin/../lib/gcc/arm-none-eabi/12.3.1/../../../../arm-none-eabi/lib/thumb/v7-m/nofp\libc_nano.a(libc_a-nano-vfprintf.o)
 .rodata.aPLLMULFactorTable.1
                0x0800ca90       0x10 CMakeFiles/FlightController.dir/Drivers/STM32F1xx_HAL_Driver/Src/stm32f1xx_hal_rcc.c.obj
 .rodata.aPredivFactorTable.0
                0x0800caa0        0x2 CMakeFiles/FlightController.dir/Drivers/STM32F1xx_HAL_Driver/Src/stm32f1xx_hal_rcc.c.obj
 *fill*         0x0800caa2        0x2 
 .rodata.AHBPrescTable
                0x0800caa4       0x10 CMakeFiles/FlightController.dir/Core/Src/system_stm32f1xx.c.obj
                0x0800caa4                AHBPrescTable
 .rodata.APBPrescTable
                0x0800cab4        0x8 CMakeFiles/FlightController.dir/Core/Src/system_stm32f1xx.c.obj
                0x0800cab4                APBPrescTable
 .rodata._svfprintf_r.str1.1
                0x0800cabc       0x11 C:/ST/STM32CubeCLT_1.15.1/GNU-tools-for-STM32/bin/../lib/gcc/arm-none-eabi/12.3.1/../../../../arm-none-eabi/lib/thumb/v7-m/nofp\libg_nano.a(libc_a-nano-svfprintf.o)
 *fill*         0x0800cabc        0x4 
 .rodata.atanlo
                0x0800cac0       0x20 C:/ST/STM32CubeCLT_1.15.1/GNU-tools-for-STM32/bin/../lib/gcc/arm-none-eabi/12.3.1/../../../../arm-none-eabi/lib/thumb/v7-m/nofp\libm.a(libm_a-s_atan.o)
 .rodata.atanhi
                0x0800cae0       0x20 C:/ST/STM32CubeCLT_1.15.1/GNU-tools-for-STM32/bin/../lib/gcc/arm-none-eabi/12.3.1/../../../../arm-none-eabi/lib/thumb/v7-m/nofp\libm.a(libm_a-s_atan.o)
 .rodata.CSWTCH.9
                0x0800cb00       0x18 C:/ST/STM32CubeCLT_1.15.1/GNU-tools-for-STM32/bin/../lib/gcc/arm-none-eabi/12.3.1/../../../../arm-none-eabi/lib/thumb/v7-m/nofp\libm.a(libm_a-e_atan2.o)
 .rodata.CSWTCH.8
                0x0800cb18       0x18 C:/ST/STM32CubeCLT_1.15.1/GNU-tools-for-STM32/bin/../lib/gcc/arm-none-eabi/12.3.1/../../../../arm-none-eabi/lib/thumb/v7-m/nofp\libm.a(libm_a-e_atan2.o)
 .rodata.npio2_hw
                0x0800cb30       0x80 C:/ST/STM32CubeCLT_1.15.1/GNU-tools-for-STM32/bin/../lib/gcc/arm-none-eabi/12.3.1/../../../../arm-none-eabi/lib/thumb/v7-m/nofp\libm.a(libm_a-e_rem_pio2.o)
 .rodata.two_over_pi
                0x0800cbb0      0x108 C:/ST/STM32CubeCLT_1.15.1/GNU-tools-for-STM32/bin/../lib/gcc/arm-none-eabi/12.3.1/../../../../arm-none-eabi/lib/thumb/v7-m/nofp\libm.a(libm_a-e_rem_pio2.o)
 .rodata.PIo2   0x0800ccb8       0x40 C:/ST/STM32CubeCLT_1.15.1/GNU-tools-for-STM32/bin/../lib/gcc/arm-none-eabi/12.3.1/../../../../arm-none-eabi/lib/thumb/v7-m/nofp\libm.a(libm_a-k_rem_pio2.o)
 .rodata.init_jk
                0x0800ccf8       0x10 C:/ST/STM32CubeCLT_1.15.1/GNU-tools-for-STM32/bin/../lib/gcc/arm-none-eabi/12.3.1/../../../../arm-none-eabi/lib/thumb/v7-m/nofp\libm.a(libm_a-k_rem_pio2.o)
                0x0800cd08                        . = ALIGN (0x4)

.ARM.extab
 *(.ARM.extab* .gnu.linkonce.armextab.*)

.ARM            0x0800cd08        0x8
                0x0800cd08                        __exidx_start = .
 *(.ARM.exidx*)
 .ARM.exidx     0x0800cd08        0x8 C:/ST/STM32CubeCLT_1.15.1/GNU-tools-for-STM32/bin/../lib/gcc/arm-none-eabi/12.3.1/../../../../arm-none-eabi/lib/thumb/v7-m/nofp\libc_nano.a(libc_a-strlen.o)
                0x0800cd10                        __exidx_end = .

.rel.dyn        0x0800cd10        0x0
 .rel.iplt      0x0800cd10        0x0 C:/ST/STM32CubeCLT_1.15.1/GNU-tools-for-STM32/bin/../lib/gcc/arm-none-eabi/12.3.1/thumb/v7-m/nofp/crtbegin.o

.preinit_array  0x0800cd10        0x0
                0x0800cd10                        PROVIDE (__preinit_array_start = .)
 *(.preinit_array*)
                0x0800cd10                        PROVIDE (__preinit_array_end = .)

.init_array     0x0800cd10        0x4
                0x0800cd10                        PROVIDE (__init_array_start = .)
 *(SORT_BY_NAME(.init_array.*))
 *(.init_array*)
 .init_array    0x0800cd10        0x4 C:/ST/STM32CubeCLT_1.15.1/GNU-tools-for-STM32/bin/../lib/gcc/arm-none-eabi/12.3.1/thumb/v7-m/nofp/crtbegin.o
                0x0800cd14                        PROVIDE (__init_array_end = .)

.fini_array     0x0800cd14        0x4
                [!provide]                        PROVIDE (__fini_array_start = .)
 *(SORT_BY_NAME(.fini_array.*))
 *(.fini_array*)
 .fini_array    0x0800cd14        0x4 C:/ST/STM32CubeCLT_1.15.1/GNU-tools-for-STM32/bin/../lib/gcc/arm-none-eabi/12.3.1/thumb/v7-m/nofp/crtbegin.o
                [!provide]                        PROVIDE (__fini_array_end = .)
                0x0800cd18                        _sidata = LOADADDR (.data)

.data           0x20000000      0x2a0 load address 0x0800cd18
                0x20000000                        . = ALIGN (0x4)
                0x20000000                        _sdata = .
 *(.data)
 *(.data*)
 .data.__sglue  0x20000000        0xc C:/ST/STM32CubeCLT_1.15.1/GNU-tools-for-STM32/bin/../lib/gcc/arm-none-eabi/12.3.1/../../../../arm-none-eabi/lib/thumb/v7-m/nofp\libc_nano.a(libc_a-findfp.o)
                0x20000000                __sglue
 .data._impure_ptr
                0x2000000c        0x4 C:/ST/STM32CubeCLT_1.15.1/GNU-tools-for-STM32/bin/../lib/gcc/arm-none-eabi/12.3.1/../../../../arm-none-eabi/lib/thumb/v7-m/nofp\libc_nano.a(libc_a-impure.o)
                0x2000000c                _impure_ptr
 .data._impure_data
                0x20000010       0x4c C:/ST/STM32CubeCLT_1.15.1/GNU-tools-for-STM32/bin/../lib/gcc/arm-none-eabi/12.3.1/../../../../arm-none-eabi/lib/thumb/v7-m/nofp\libc_nano.a(libc_a-impure.o)
                0x20000010                _impure_data
 .data.__global_locale
                0x2000005c      0x16c C:/ST/STM32CubeCLT_1.15.1/GNU-tools-for-STM32/bin/../lib/gcc/arm-none-eabi/12.3.1/../../../../arm-none-eabi/lib/thumb/v7-m/nofp\libc_nano.a(libc_a-locale.o)
                0x2000005c                __global_locale
 .data.MPU6050_devstat
                0x200001c8        0x1 CMakeFiles/FlightController.dir/Core/Src/MPU6050.c.obj
                0x200001c8                MPU6050_devstat
 .data.MPU6050_cmdstat
                0x200001c9        0x1 CMakeFiles/FlightController.dir/Core/Src/MPU6050.c.obj
                0x200001c9                MPU6050_cmdstat
 *fill*         0x200001ca        0x6 
 .data.KalmanX  0x200001d0       0x48 CMakeFiles/FlightController.dir/Core/Src/MPU6050.c.obj
                0x200001d0                KalmanX
 .data.KalmanY  0x20000218       0x48 CMakeFiles/FlightController.dir/Core/Src/MPU6050.c.obj
                0x20000218                KalmanY
 .data.Motors_Speed
                0x20000260       0x20 CMakeFiles/FlightController.dir/Core/Src/main.c.obj
                0x20000260                Motors_Speed
 .data.uwTickPrio
                0x20000280        0x4 CMakeFiles/FlightController.dir/Drivers/STM32F1xx_HAL_Driver/Src/stm32f1xx_hal.c.obj
                0x20000280                uwTickPrio
 .data.uwTickFreq
                0x20000284        0x1 CMakeFiles/FlightController.dir/Drivers/STM32F1xx_HAL_Driver/Src/stm32f1xx_hal.c.obj
                0x20000284                uwTickFreq
 *fill*         0x20000285        0x3 
 .data.SystemCoreClock
                0x20000288        0x4 CMakeFiles/FlightController.dir/Core/Src/system_stm32f1xx.c.obj
                0x20000288                SystemCoreClock
 *fill*         0x2000028c        0x4 
 .data.tiny     0x20000290        0x8 C:/ST/STM32CubeCLT_1.15.1/GNU-tools-for-STM32/bin/../lib/gcc/arm-none-eabi/12.3.1/../../../../arm-none-eabi/lib/thumb/v7-m/nofp\libm.a(libm_a-e_sqrt.o)
 .data.one      0x20000298        0x8 C:/ST/STM32CubeCLT_1.15.1/GNU-tools-for-STM32/bin/../lib/gcc/arm-none-eabi/12.3.1/../../../../arm-none-eabi/lib/thumb/v7-m/nofp\libm.a(libm_a-e_sqrt.o)
                0x200002a0                        . = ALIGN (0x4)
                0x200002a0                        _edata = .

.igot.plt       0x200002a0        0x0 load address 0x0800cfb8
 .igot.plt      0x200002a0        0x0 C:/ST/STM32CubeCLT_1.15.1/GNU-tools-for-STM32/bin/../lib/gcc/arm-none-eabi/12.3.1/thumb/v7-m/nofp/crtbegin.o
                0x200002a0                        . = ALIGN (0x4)

.bss            0x200002a0      0x4c8 load address 0x0800cfb8
                0x200002a0                        _sbss = .
                0x200002a0                        __bss_start__ = _sbss
 *(.bss)
 .bss           0x200002a0       0x1c C:/ST/STM32CubeCLT_1.15.1/GNU-tools-for-STM32/bin/../lib/gcc/arm-none-eabi/12.3.1/thumb/v7-m/nofp/crtbegin.o
 *(.bss*)
 .bss.__sf      0x200002bc      0x138 C:/ST/STM32CubeCLT_1.15.1/GNU-tools-for-STM32/bin/../lib/gcc/arm-none-eabi/12.3.1/../../../../arm-none-eabi/lib/thumb/v7-m/nofp\libc_nano.a(libc_a-findfp.o)
                0x200002bc                __sf
 .bss.__stdio_exit_handler
                0x200003f4        0x4 C:/ST/STM32CubeCLT_1.15.1/GNU-tools-for-STM32/bin/../lib/gcc/arm-none-eabi/12.3.1/../../../../arm-none-eabi/lib/thumb/v7-m/nofp\libc_nano.a(libc_a-findfp.o)
                0x200003f4                __stdio_exit_handler
 .bss.errno     0x200003f8        0x4 C:/ST/STM32CubeCLT_1.15.1/GNU-tools-for-STM32/bin/../lib/gcc/arm-none-eabi/12.3.1/../../../../arm-none-eabi/lib/thumb/v7-m/nofp\libc_nano.a(libc_a-reent.o)
                0x200003f8                errno
 .bss.__lock___malloc_recursive_mutex
                0x200003fc        0x1 C:/ST/STM32CubeCLT_1.15.1/GNU-tools-for-STM32/bin/../lib/gcc/arm-none-eabi/12.3.1/../../../../arm-none-eabi/lib/thumb/v7-m/nofp\libc_nano.a(libc_a-lock.o)
                0x200003fc                __lock___malloc_recursive_mutex
 .bss.__lock___sfp_recursive_mutex
                0x200003fd        0x1 C:/ST/STM32CubeCLT_1.15.1/GNU-tools-for-STM32/bin/../lib/gcc/arm-none-eabi/12.3.1/../../../../arm-none-eabi/lib/thumb/v7-m/nofp\libc_nano.a(libc_a-lock.o)
                0x200003fd                __lock___sfp_recursive_mutex
 *fill*         0x200003fe        0x2 
 .bss.__malloc_sbrk_start
                0x20000400        0x4 C:/ST/STM32CubeCLT_1.15.1/GNU-tools-for-STM32/bin/../lib/gcc/arm-none-eabi/12.3.1/../../../../arm-none-eabi/lib/thumb/v7-m/nofp\libc_nano.a(libc_a-mallocr.o)
                0x20000400                __malloc_sbrk_start
 .bss.__malloc_free_list
                0x20000404        0x4 C:/ST/STM32CubeCLT_1.15.1/GNU-tools-for-STM32/bin/../lib/gcc/arm-none-eabi/12.3.1/../../../../arm-none-eabi/lib/thumb/v7-m/nofp\libc_nano.a(libc_a-mallocr.o)
                0x20000404                __malloc_free_list
 .bss.Motor1    0x20000408        0x4 CMakeFiles/FlightController.dir/Core/Src/MotorControl.c.obj
                0x20000408                Motor1
 .bss.Motor2    0x2000040c        0x4 CMakeFiles/FlightController.dir/Core/Src/MotorControl.c.obj
                0x2000040c                Motor2
 .bss.Motor3    0x20000410        0x4 CMakeFiles/FlightController.dir/Core/Src/MotorControl.c.obj
                0x20000410                Motor3
 .bss.Motor4    0x20000414        0x4 CMakeFiles/FlightController.dir/Core/Src/MotorControl.c.obj
                0x20000414                Motor4
 .bss.MPU6050_timer
                0x20000418        0x4 CMakeFiles/FlightController.dir/Core/Src/MPU6050.c.obj
                0x20000418                MPU6050_timer
 *fill*         0x2000041c        0x4 
 .bss.MPU6050   0x20000420       0x68 CMakeFiles/FlightController.dir/Core/Src/MPU6050.c.obj
                0x20000420                MPU6050
 .bss.MPU6050_readystatus
                0x20000488        0x1 CMakeFiles/FlightController.dir/Core/Src/MPU6050.c.obj
                0x20000488                MPU6050_readystatus
 *fill*         0x20000489        0x3 
 .bss.kf        0x2000048c       0x18 CMakeFiles/FlightController.dir/Core/Src/MPU6050.c.obj
                0x2000048c                kf
 .bss.IsCalibrated
                0x200004a4        0x4 CMakeFiles/FlightController.dir/Core/Src/MPU6050.c.obj
                0x200004a4                IsCalibrated
 .bss.Roll_Offset
                0x200004a8        0x8 CMakeFiles/FlightController.dir/Core/Src/MPU6050.c.obj
                0x200004a8                Roll_Offset
 .bss.Pitch_Offset
                0x200004b0        0x8 CMakeFiles/FlightController.dir/Core/Src/MPU6050.c.obj
                0x200004b0                Pitch_Offset
 .bss.Gz_Offset
                0x200004b8        0x8 CMakeFiles/FlightController.dir/Core/Src/MPU6050.c.obj
                0x200004b8                Gz_Offset
 .bss.Az_Offset
                0x200004c0        0x8 CMakeFiles/FlightController.dir/Core/Src/MPU6050.c.obj
                0x200004c0                Az_Offset
 .bss.Vz_Offset
                0x200004c8        0x8 CMakeFiles/FlightController.dir/Core/Src/MPU6050.c.obj
                0x200004c8                Vz_Offset
 .bss.hi2c1     0x200004d0       0x54 CMakeFiles/FlightController.dir/Core/Src/main.c.obj
                0x200004d0                hi2c1
 .bss.hspi1     0x20000524       0x58 CMakeFiles/FlightController.dir/Core/Src/main.c.obj
                0x20000524                hspi1
 .bss.htim1     0x2000057c       0x48 CMakeFiles/FlightController.dir/Core/Src/main.c.obj
                0x2000057c                htim1
 .bss.htim2     0x200005c4       0x48 CMakeFiles/FlightController.dir/Core/Src/main.c.obj
                0x200005c4                htim2
 .bss.htim3     0x2000060c       0x48 CMakeFiles/FlightController.dir/Core/Src/main.c.obj
                0x2000060c                htim3
 .bss.htim4     0x20000654       0x48 CMakeFiles/FlightController.dir/Core/Src/main.c.obj
                0x20000654                htim4
 .bss.huart1    0x2000069c       0x48 CMakeFiles/FlightController.dir/Core/Src/main.c.obj
                0x2000069c                huart1
 .bss.rx_data   0x200006e4        0x8 CMakeFiles/FlightController.dir/Core/Src/main.c.obj
                0x200006e4                rx_data
 *fill*         0x200006ec        0x4 
 .bss.Motors_PID_Adj
                0x200006f0       0x20 CMakeFiles/FlightController.dir/Core/Src/main.c.obj
                0x200006f0                Motors_PID_Adj
 .bss.pid_roll  0x20000710       0x14 CMakeFiles/FlightController.dir/Core/Src/main.c.obj
                0x20000710                pid_roll
 .bss.pid_pitch
                0x20000724       0x14 CMakeFiles/FlightController.dir/Core/Src/main.c.obj
                0x20000724                pid_pitch
 .bss.pid_yaw   0x20000738       0x14 CMakeFiles/FlightController.dir/Core/Src/main.c.obj
                0x20000738                pid_yaw
 .bss.pid_Vz    0x2000074c       0x14 CMakeFiles/FlightController.dir/Core/Src/main.c.obj
                0x2000074c                pid_Vz
 .bss.uwTick    0x20000760        0x4 CMakeFiles/FlightController.dir/Drivers/STM32F1xx_HAL_Driver/Src/stm32f1xx_hal.c.obj
                0x20000760                uwTick
 .bss.__sbrk_heap_end
                0x20000764        0x4 CMakeFiles/FlightController.dir/Core/Src/sysmem.c.obj
 *(COMMON)
                0x20000768                        . = ALIGN (0x4)
                0x20000768                        _ebss = .
                0x20000768                        __bss_end__ = _ebss

._user_heap_stack
                0x20000768      0x600 load address 0x0800cfb8
                0x20000768                        . = ALIGN (0x8)
                [!provide]                        PROVIDE (end = .)
                0x20000768                        PROVIDE (_end = .)
                0x20000968                        . = (. + _Min_Heap_Size)
 *fill*         0x20000768      0x200 
                0x20000d68                        . = (. + _Min_Stack_Size)
 *fill*         0x20000968      0x400 
                0x20000d68                        . = ALIGN (0x8)

/DISCARD/
 libc.a(*)
 libm.a(*)
 libgcc.a(*)

.ARM.attributes
                0x00000000       0x29
 *(.ARM.attributes)
 .ARM.attributes
                0x00000000       0x1d C:/ST/STM32CubeCLT_1.15.1/GNU-tools-for-STM32/bin/../lib/gcc/arm-none-eabi/12.3.1/thumb/v7-m/nofp/crti.o
 .ARM.attributes
                0x0000001d       0x2d C:/ST/STM32CubeCLT_1.15.1/GNU-tools-for-STM32/bin/../lib/gcc/arm-none-eabi/12.3.1/thumb/v7-m/nofp/crtbegin.o
 .ARM.attributes
                0x0000004a       0x2d C:/ST/STM32CubeCLT_1.15.1/GNU-tools-for-STM32/bin/../lib/gcc/arm-none-eabi/12.3.1/../../../../arm-none-eabi/lib/thumb/v7-m/nofp\libc_nano.a(libc_a-nano-vfprintf_float.o)
 .ARM.attributes
                0x00000077       0x2d C:/ST/STM32CubeCLT_1.15.1/GNU-tools-for-STM32/bin/../lib/gcc/arm-none-eabi/12.3.1/../../../../arm-none-eabi/lib/thumb/v7-m/nofp\libc_nano.a(libc_a-nano-vfprintf_i.o)
 .ARM.attributes
                0x000000a4       0x2d C:/ST/STM32CubeCLT_1.15.1/GNU-tools-for-STM32/bin/../lib/gcc/arm-none-eabi/12.3.1/../../../../arm-none-eabi/lib/thumb/v7-m/nofp\libc_nano.a(libc_a-findfp.o)
 .ARM.attributes
                0x000000d1       0x2d C:/ST/STM32CubeCLT_1.15.1/GNU-tools-for-STM32/bin/../lib/gcc/arm-none-eabi/12.3.1/../../../../arm-none-eabi/lib/thumb/v7-m/nofp\libc_nano.a(libc_a-fwalk.o)
 .ARM.attributes
                0x000000fe       0x2d C:/ST/STM32CubeCLT_1.15.1/GNU-tools-for-STM32/bin/../lib/gcc/arm-none-eabi/12.3.1/../../../../arm-none-eabi/lib/thumb/v7-m/nofp\libc_nano.a(libc_a-stdio.o)
 .ARM.attributes
                0x0000012b       0x2d C:/ST/STM32CubeCLT_1.15.1/GNU-tools-for-STM32/bin/../lib/gcc/arm-none-eabi/12.3.1/../../../../arm-none-eabi/lib/thumb/v7-m/nofp\libc_nano.a(libc_a-memset.o)
 .ARM.attributes
                0x00000158       0x2d C:/ST/STM32CubeCLT_1.15.1/GNU-tools-for-STM32/bin/../lib/gcc/arm-none-eabi/12.3.1/../../../../arm-none-eabi/lib/thumb/v7-m/nofp\libc_nano.a(libc_a-localeconv.o)
 .ARM.attributes
                0x00000185       0x2d C:/ST/STM32CubeCLT_1.15.1/GNU-tools-for-STM32/bin/../lib/gcc/arm-none-eabi/12.3.1/../../../../arm-none-eabi/lib/thumb/v7-m/nofp\libc_nano.a(libc_a-closer.o)
 .ARM.attributes
                0x000001b2       0x2d C:/ST/STM32CubeCLT_1.15.1/GNU-tools-for-STM32/bin/../lib/gcc/arm-none-eabi/12.3.1/../../../../arm-none-eabi/lib/thumb/v7-m/nofp\libc_nano.a(libc_a-reent.o)
 .ARM.attributes
                0x000001df       0x2d C:/ST/STM32CubeCLT_1.15.1/GNU-tools-for-STM32/bin/../lib/gcc/arm-none-eabi/12.3.1/../../../../arm-none-eabi/lib/thumb/v7-m/nofp\libc_nano.a(libc_a-impure.o)
 .ARM.attributes
                0x0000020c       0x2d C:/ST/STM32CubeCLT_1.15.1/GNU-tools-for-STM32/bin/../lib/gcc/arm-none-eabi/12.3.1/../../../../arm-none-eabi/lib/thumb/v7-m/nofp\libc_nano.a(libc_a-lseekr.o)
 .ARM.attributes
                0x00000239       0x2d C:/ST/STM32CubeCLT_1.15.1/GNU-tools-for-STM32/bin/../lib/gcc/arm-none-eabi/12.3.1/../../../../arm-none-eabi/lib/thumb/v7-m/nofp\libc_nano.a(libc_a-readr.o)
 .ARM.attributes
                0x00000266       0x2d C:/ST/STM32CubeCLT_1.15.1/GNU-tools-for-STM32/bin/../lib/gcc/arm-none-eabi/12.3.1/../../../../arm-none-eabi/lib/thumb/v7-m/nofp\libc_nano.a(libc_a-writer.o)
 .ARM.attributes
                0x00000293       0x2d C:/ST/STM32CubeCLT_1.15.1/GNU-tools-for-STM32/bin/../lib/gcc/arm-none-eabi/12.3.1/../../../../arm-none-eabi/lib/thumb/v7-m/nofp\libc_nano.a(libc_a-init.o)
 .ARM.attributes
                0x000002c0       0x2d C:/ST/STM32CubeCLT_1.15.1/GNU-tools-for-STM32/bin/../lib/gcc/arm-none-eabi/12.3.1/../../../../arm-none-eabi/lib/thumb/v7-m/nofp\libc_nano.a(libc_a-lock.o)
 .ARM.attributes
                0x000002ed       0x2d C:/ST/STM32CubeCLT_1.15.1/GNU-tools-for-STM32/bin/../lib/gcc/arm-none-eabi/12.3.1/../../../../arm-none-eabi/lib/thumb/v7-m/nofp\libc_nano.a(libc_a-memchr-stub.o)
 .ARM.attributes
                0x0000031a       0x17 C:/ST/STM32CubeCLT_1.15.1/GNU-tools-for-STM32/bin/../lib/gcc/arm-none-eabi/12.3.1/../../../../arm-none-eabi/lib/thumb/v7-m/nofp\libc_nano.a(libc_a-strlen.o)
 .ARM.attributes
                0x00000331       0x2d C:/ST/STM32CubeCLT_1.15.1/GNU-tools-for-STM32/bin/../lib/gcc/arm-none-eabi/12.3.1/../../../../arm-none-eabi/lib/thumb/v7-m/nofp\libc_nano.a(libc_a-dtoa.o)
 .ARM.attributes
                0x0000035e       0x2d C:/ST/STM32CubeCLT_1.15.1/GNU-tools-for-STM32/bin/../lib/gcc/arm-none-eabi/12.3.1/../../../../arm-none-eabi/lib/thumb/v7-m/nofp\libc_nano.a(libc_a-freer.o)
 .ARM.attributes
                0x0000038b       0x2d C:/ST/STM32CubeCLT_1.15.1/GNU-tools-for-STM32/bin/../lib/gcc/arm-none-eabi/12.3.1/../../../../arm-none-eabi/lib/thumb/v7-m/nofp\libc_nano.a(libc_a-malloc.o)
 .ARM.attributes
                0x000003b8       0x2d C:/ST/STM32CubeCLT_1.15.1/GNU-tools-for-STM32/bin/../lib/gcc/arm-none-eabi/12.3.1/../../../../arm-none-eabi/lib/thumb/v7-m/nofp\libc_nano.a(libc_a-mallocr.o)
 .ARM.attributes
                0x000003e5       0x2d C:/ST/STM32CubeCLT_1.15.1/GNU-tools-for-STM32/bin/../lib/gcc/arm-none-eabi/12.3.1/../../../../arm-none-eabi/lib/thumb/v7-m/nofp\libc_nano.a(libc_a-mlock.o)
 .ARM.attributes
                0x00000412       0x2d C:/ST/STM32CubeCLT_1.15.1/GNU-tools-for-STM32/bin/../lib/gcc/arm-none-eabi/12.3.1/../../../../arm-none-eabi/lib/thumb/v7-m/nofp\libc_nano.a(libc_a-mprec.o)
 .ARM.attributes
                0x0000043f       0x2d C:/ST/STM32CubeCLT_1.15.1/GNU-tools-for-STM32/bin/../lib/gcc/arm-none-eabi/12.3.1/../../../../arm-none-eabi/lib/thumb/v7-m/nofp\libc_nano.a(libc_a-fflush.o)
 .ARM.attributes
                0x0000046c       0x2d C:/ST/STM32CubeCLT_1.15.1/GNU-tools-for-STM32/bin/../lib/gcc/arm-none-eabi/12.3.1/../../../../arm-none-eabi/lib/thumb/v7-m/nofp\libc_nano.a(libc_a-locale.o)
 .ARM.attributes
                0x00000499       0x2d C:/ST/STM32CubeCLT_1.15.1/GNU-tools-for-STM32/bin/../lib/gcc/arm-none-eabi/12.3.1/../../../../arm-none-eabi/lib/thumb/v7-m/nofp\libc_nano.a(libc_a-sbrkr.o)
 .ARM.attributes
                0x000004c6       0x2d C:/ST/STM32CubeCLT_1.15.1/GNU-tools-for-STM32/bin/../lib/gcc/arm-none-eabi/12.3.1/../../../../arm-none-eabi/lib/thumb/v7-m/nofp\libc_nano.a(libc_a-memcpy-stub.o)
 .ARM.attributes
                0x000004f3       0x2d C:/ST/STM32CubeCLT_1.15.1/GNU-tools-for-STM32/bin/../lib/gcc/arm-none-eabi/12.3.1/../../../../arm-none-eabi/lib/thumb/v7-m/nofp\libc_nano.a(libc_a-assert.o)
 .ARM.attributes
                0x00000520       0x2d C:/ST/STM32CubeCLT_1.15.1/GNU-tools-for-STM32/bin/../lib/gcc/arm-none-eabi/12.3.1/../../../../arm-none-eabi/lib/thumb/v7-m/nofp\libc_nano.a(libc_a-callocr.o)
 .ARM.attributes
                0x0000054d       0x2d C:/ST/STM32CubeCLT_1.15.1/GNU-tools-for-STM32/bin/../lib/gcc/arm-none-eabi/12.3.1/../../../../arm-none-eabi/lib/thumb/v7-m/nofp\libc_nano.a(libc_a-mbtowc_r.o)
 .ARM.attributes
                0x0000057a       0x2d C:/ST/STM32CubeCLT_1.15.1/GNU-tools-for-STM32/bin/../lib/gcc/arm-none-eabi/12.3.1/../../../../arm-none-eabi/lib/thumb/v7-m/nofp\libc_nano.a(libc_a-wctomb_r.o)
 .ARM.attributes
                0x000005a7       0x2d C:/ST/STM32CubeCLT_1.15.1/GNU-tools-for-STM32/bin/../lib/gcc/arm-none-eabi/12.3.1/../../../../arm-none-eabi/lib/thumb/v7-m/nofp\libc_nano.a(libc_a-ctype_.o)
 .ARM.attributes
                0x000005d4       0x2d C:/ST/STM32CubeCLT_1.15.1/GNU-tools-for-STM32/bin/../lib/gcc/arm-none-eabi/12.3.1/../../../../arm-none-eabi/lib/thumb/v7-m/nofp\libc_nano.a(libc_a-fprintf.o)
 .ARM.attributes
                0x00000601       0x2d C:/ST/STM32CubeCLT_1.15.1/GNU-tools-for-STM32/bin/../lib/gcc/arm-none-eabi/12.3.1/../../../../arm-none-eabi/lib/thumb/v7-m/nofp\libc_nano.a(libc_a-abort.o)
 .ARM.attributes
                0x0000062e       0x2d C:/ST/STM32CubeCLT_1.15.1/GNU-tools-for-STM32/bin/../lib/gcc/arm-none-eabi/12.3.1/../../../../arm-none-eabi/lib/thumb/v7-m/nofp\libc_nano.a(libc_a-nano-vfprintf.o)
 .ARM.attributes